Java HotSpot(TM) 64-Bit Server VM (25.25-b02) for linux-amd64 JRE (1.8.0_25-b17), built on Sep 17 2014 17:32:11 by "java_re" with gcc 4.3.0 20080428 (Red Hat 4.3.0-8)
Memory: 4k page, physical 5946436k(4937672k free), swap 2146300k(1943028k free)
CommandLine flags: -XX:GCLogFileSize=3145728 -XX:InitialHeapSize=1366294528 -XX:MaxHeapSize=1366294528 -XX:MaxMetaspaceSize=268435456 -XX:MetaspaceSize=100663296 -XX:NumberOfGCLogFiles=5 -XX:+PrintGC -XX:+PrintGCDateStamps -XX:+PrintGCDetails -XX:+PrintGCTimeStamps -XX:-TraceClassUnloading -XX:+UseCompressedClassPointers -XX:+UseCompressedOops -XX:+UseGCLogFileRotation -XX:+UseParallelGC 
2018-02-22T09:51:40.921-0500: 2.303: [GC (GCLocker Initiated GC) [PSYoungGen: 334336K->27127K(389632K)] 334434K->27249K(1280000K), 0.0213935 secs] [Times: user=0.05 sys=0.01, real=0.02 secs] 
2018-02-22T09:51:42.979-0500: 4.361: [GC (Allocation Failure) [PSYoungGen: 361463K->55276K(389632K)] 361599K->63973K(1280000K), 0.0475251 secs] [Times: user=0.11 sys=0.03, real=0.05 secs] 
2018-02-22T09:51:43.970-0500: 5.352: [GC (Allocation Failure) [PSYoungGen: 389612K->55288K(389632K)] 398309K->95658K(1280000K), 0.0597325 secs] [Times: user=0.17 sys=0.02, real=0.06 secs] 
2018-02-22T09:51:45.452-0500: 6.834: [GC (Allocation Failure) [PSYoungGen: 389624K->55294K(389632K)] 429994K->134681K(1280000K), 0.0551667 secs] [Times: user=0.15 sys=0.01, real=0.06 secs] 
2018-02-22T09:54:47.241-0500: 188.623: [GC (Allocation Failure) [PSYoungGen: 389630K->55291K(389632K)] 469017K->154864K(1280000K), 0.0643272 secs] [Times: user=0.18 sys=0.00, real=0.07 secs] 
2018-02-22T10:00:22.079-0500: 523.461: [GC (Allocation Failure) [PSYoungGen: 389627K->55284K(278016K)] 489200K->172599K(1168384K), 0.0555932 secs] [Times: user=0.15 sys=0.00, real=0.05 secs] 
2018-02-22T10:07:01.140-0500: 922.522: [GC (Metadata GC Threshold) [PSYoungGen: 246273K->31225K(253952K)] 363589K->169863K(1144320K), 0.0591920 secs] [Times: user=0.15 sys=0.02, real=0.06 secs] 
2018-02-22T10:07:01.199-0500: 922.581: [Full GC (Metadata GC Threshold) [PSYoungGen: 31225K->0K(253952K)] [ParOldGen: 138638K->48611K(890368K)] 169863K->48611K(1144320K), [Metaspace: 87856K->87764K(1132544K)], 0.1767462 secs] [Times: user=0.42 sys=0.00, real=0.18 secs] 
2018-02-22T10:35:21.713-0500: 2623.095: [GC (Allocation Failure) [PSYoungGen: 222720K->160K(317440K)] 271331K->48779K(1207808K), 0.0072182 secs] [Times: user=0.02 sys=0.00, real=0.01 secs] 
2018-02-22T11:01:11.953-0500: 4173.334: [GC (Allocation Failure) [PSYoungGen: 203424K->192K(200192K)] 252043K->48819K(1090560K), 0.0042569 secs] [Times: user=0.02 sys=0.00, real=0.01 secs] 
2018-02-22T11:25:17.562-0500: 5618.944: [GC (Allocation Failure) [PSYoungGen: 199872K->160K(318464K)] 248499K->48803K(1208832K), 0.0080757 secs] [Times: user=0.03 sys=0.00, real=0.01 secs] 
2018-02-22T11:48:00.191-0500: 6981.573: [GC (Allocation Failure) [PSYoungGen: 194208K->160K(319488K)] 242851K->48819K(1209856K), 0.0082686 secs] [Times: user=0.03 sys=0.00, real=0.01 secs] 
2018-02-22T12:09:36.308-0500: 8277.689: [GC (Allocation Failure) [PSYoungGen: 194208K->160K(321024K)] 242867K->48827K(1211392K), 0.0046822 secs] [Times: user=0.02 sys=0.00, real=0.00 secs] 
2018-02-22T12:30:54.418-0500: 9555.800: [GC (Allocation Failure) [PSYoungGen: 195744K->160K(319488K)] 244411K->48843K(1209856K), 0.0047735 secs] [Times: user=0.01 sys=0.00, real=0.00 secs] 
2018-02-22T12:51:40.152-0500: 10801.534: [GC (Allocation Failure) [PSYoungGen: 195744K->160K(326656K)] 244427K->48851K(1217024K), 0.0062959 secs] [Times: user=0.02 sys=0.00, real=0.01 secs] 
2018-02-22T13:12:36.625-0500: 12058.006: [GC (Allocation Failure) [PSYoungGen: 205472K->160K(323584K)] 254163K->48851K(1213952K), 0.0056437 secs] [Times: user=0.01 sys=0.00, real=0.01 secs] 
2018-02-22T13:33:30.734-0500: 13312.116: [GC (Allocation Failure) [PSYoungGen: 205472K->192K(334848K)] 254163K->48891K(1225216K), 0.0042756 secs] [Times: user=0.02 sys=0.00, real=0.01 secs] 
2018-02-22T13:55:29.954-0500: 14631.336: [GC (Allocation Failure) [PSYoungGen: 220352K->192K(330240K)] 269051K->48907K(1220608K), 0.0078256 secs] [Times: user=0.02 sys=0.00, real=0.01 secs] 
2018-02-22T14:13:43.478-0500: 15724.860: [GC (Allocation Failure) [PSYoungGen: 220329K->1941K(344064K)] 269044K->50664K(1234432K), 0.0048207 secs] [Times: user=0.01 sys=0.00, real=0.00 secs] 
2018-02-22T14:14:58.714-0500: 15800.096: [GC (Allocation Failure) [PSYoungGen: 240021K->26556K(338944K)] 288744K->75327K(1229312K), 0.0163183 secs] [Times: user=0.02 sys=0.00, real=0.02 secs] 
2018-02-22T14:15:17.727-0500: 15819.109: [GC (Allocation Failure) [PSYoungGen: 264636K->28552K(354304K)] 313407K->79531K(1244672K), 0.0181082 secs] [Times: user=0.03 sys=0.00, real=0.01 secs] 
2018-02-22T14:25:15.424-0500: 16416.806: [GC (Allocation Failure) [PSYoungGen: 287624K->18201K(349696K)] 338603K->72560K(1240064K), 0.0221527 secs] [Times: user=0.06 sys=0.01, real=0.03 secs] 
2018-02-22T14:55:37.155-0500: 18238.537: [GC (Allocation Failure) [PSYoungGen: 277273K->160K(363520K)] 331632K->55531K(1253888K), 0.0095146 secs] [Times: user=0.02 sys=0.00, real=0.01 secs] 
2018-02-22T15:26:36.388-0500: 20097.770: [GC (Allocation Failure) [PSYoungGen: 279200K->160K(360448K)] 334571K->55547K(1250816K), 0.0097545 secs] [Times: user=0.03 sys=0.01, real=0.01 secs] 
2018-02-22T15:55:25.476-0500: 21826.858: [GC (Allocation Failure) [PSYoungGen: 279200K->160K(369664K)] 334587K->55563K(1260032K), 0.0072082 secs] [Times: user=0.02 sys=0.00, real=0.00 secs] 
2018-02-22T16:23:52.314-0500: 23533.696: [GC (Allocation Failure) [PSYoungGen: 291488K->160K(366592K)] 346891K->55563K(1256960K), 0.0088999 secs] [Times: user=0.03 sys=0.00, real=0.01 secs] 
2018-02-22T16:50:37.769-0500: 25139.151: [GC (Allocation Failure) [PSYoungGen: 291488K->160K(376320K)] 346891K->55563K(1266688K), 0.0084349 secs] [Times: user=0.03 sys=0.00, real=0.01 secs] 
2018-02-22T17:17:18.001-0500: 26739.383: [GC (Allocation Failure) [PSYoungGen: 304288K->160K(372736K)] 359691K->55563K(1263104K), 0.0085437 secs] [Times: user=0.03 sys=0.00, real=0.01 secs] 
2018-02-22T17:43:44.046-0500: 28325.428: [GC (Allocation Failure) [PSYoungGen: 304288K->160K(383488K)] 359691K->55563K(1273856K), 0.0068913 secs] [Times: user=0.02 sys=0.00, real=0.00 secs] 
2018-02-22T18:09:50.182-0500: 29891.564: [GC (Allocation Failure) [PSYoungGen: 318624K->192K(379904K)] 374027K->55595K(1270272K), 0.0089282 secs] [Times: user=0.03 sys=0.00, real=0.01 secs] 
2018-02-22T18:36:02.319-0500: 31463.700: [GC (Allocation Failure) [PSYoungGen: 318656K->160K(390144K)] 374059K->55563K(1280512K), 0.0077895 secs] [Times: user=0.02 sys=0.00, real=0.01 secs] 
2018-02-22T19:02:26.469-0500: 33047.851: [GC (Allocation Failure) [PSYoungGen: 331936K->160K(386560K)] 387339K->55563K(1276928K), 0.0063943 secs] [Times: user=0.02 sys=0.01, real=0.01 secs] 
2018-02-22T19:28:20.618-0500: 34602.000: [GC (Allocation Failure) [PSYoungGen: 331936K->160K(396288K)] 387339K->55571K(1286656K), 0.0118994 secs] [Times: user=0.04 sys=0.00, real=0.01 secs] 
2018-02-22T19:54:55.217-0500: 36196.599: [GC (Allocation Failure) [PSYoungGen: 344736K->192K(393216K)] 400147K->55611K(1283584K), 0.0109307 secs] [Times: user=0.04 sys=0.00, real=0.01 secs] 
2018-02-22T20:21:32.926-0500: 37794.308: [GC (Allocation Failure) [PSYoungGen: 344738K->160K(402432K)] 400157K->55587K(1292800K), 0.0090214 secs] [Times: user=0.03 sys=0.00, real=0.00 secs] 
2018-02-22T20:47:25.993-0500: 39347.375: [GC (Allocation Failure) [PSYoungGen: 357024K->160K(399360K)] 412451K->55587K(1289728K), 0.0087544 secs] [Times: user=0.03 sys=0.00, real=0.01 secs] 
2018-02-22T21:13:15.242-0500: 40896.624: [GC (Allocation Failure) [PSYoungGen: 357024K->128K(408064K)] 412451K->55555K(1298432K), 0.0057164 secs] [Times: user=0.02 sys=0.00, real=0.01 secs] 
2018-02-22T21:39:27.394-0500: 42468.776: [GC (Allocation Failure) [PSYoungGen: 368256K->128K(404992K)] 423683K->55563K(1295360K), 0.0071992 secs] [Times: user=0.02 sys=0.00, real=0.01 secs] 
2018-02-22T22:05:42.137-0500: 44043.518: [GC (Allocation Failure) [PSYoungGen: 368256K->160K(412672K)] 423691K->55603K(1303040K), 0.0111713 secs] [Times: user=0.04 sys=0.00, real=0.01 secs] 
2018-02-22T22:32:12.261-0500: 45633.643: [GC (Allocation Failure) [PSYoungGen: 378016K->160K(410112K)] 433459K->55603K(1300480K), 0.0095361 secs] [Times: user=0.03 sys=0.00, real=0.01 secs] 
2018-02-22T22:58:39.859-0500: 47221.241: [GC (Allocation Failure) [PSYoungGen: 378016K->128K(417280K)] 433459K->55571K(1307648K), 0.0077402 secs] [Times: user=0.02 sys=0.00, real=0.01 secs] 
2018-02-22T23:25:33.255-0500: 48834.637: [GC (Allocation Failure) [PSYoungGen: 387200K->160K(414720K)] 442643K->55603K(1305088K), 0.0117336 secs] [Times: user=0.04 sys=0.00, real=0.02 secs] 
2018-02-22T23:52:18.653-0500: 50440.035: [GC (Allocation Failure) [PSYoungGen: 387232K->192K(420864K)] 442675K->55651K(1311232K), 0.0079223 secs] [Times: user=0.02 sys=0.00, real=0.01 secs] 
2018-02-23T00:19:22.321-0500: 52063.703: [GC (Allocation Failure) [PSYoungGen: 394944K->160K(418816K)] 450403K->55635K(1309184K), 0.0109609 secs] [Times: user=0.03 sys=0.00, real=0.01 secs] 
2018-02-23T00:46:22.486-0500: 53683.868: [GC (Allocation Failure) [PSYoungGen: 394912K->128K(424448K)] 450387K->55619K(1314816K), 0.0078167 secs] [Times: user=0.02 sys=0.00, real=0.00 secs] 
2018-02-23T01:13:40.648-0500: 55322.030: [GC (Allocation Failure) [PSYoungGen: 402560K->160K(422912K)] 458051K->55659K(1313280K), 0.0127134 secs] [Times: user=0.04 sys=0.00, real=0.01 secs] 
2018-02-23T01:40:58.816-0500: 56960.198: [GC (Allocation Failure) [PSYoungGen: 402592K->160K(427008K)] 458091K->55675K(1317376K), 0.0107088 secs] [Times: user=0.03 sys=0.00, real=0.01 secs] 
2018-02-23T02:08:25.535-0500: 58606.917: [GC (Allocation Failure) [PSYoungGen: 408224K->192K(425984K)] 463739K->55731K(1316352K), 0.0069585 secs] [Times: user=0.03 sys=0.00, real=0.01 secs] 
2018-02-23T02:35:53.154-0500: 60254.536: [GC (Allocation Failure) [PSYoungGen: 408256K->160K(429568K)] 463795K->55699K(1319936K), 0.0092574 secs] [Times: user=0.03 sys=0.00, real=0.01 secs] 
2018-02-23T03:03:29.316-0500: 61910.698: [GC (Allocation Failure) [PSYoungGen: 413344K->128K(428544K)] 468883K->55667K(1318912K), 0.0087929 secs] [Times: user=0.03 sys=0.00, real=0.00 secs] 
2018-02-23T03:31:11.481-0500: 63572.863: [GC (Allocation Failure) [PSYoungGen: 413312K->160K(432128K)] 468851K->55699K(1322496K), 0.0085735 secs] [Times: user=0.03 sys=0.00, real=0.01 secs] 
2018-02-23T03:58:53.648-0500: 65235.030: [GC (Allocation Failure) [PSYoungGen: 418464K->160K(431104K)] 474003K->55699K(1321472K), 0.0091685 secs] [Times: user=0.04 sys=0.00, real=0.01 secs] 
2018-02-23T04:26:40.269-0500: 66901.650: [GC (Allocation Failure) [PSYoungGen: 418464K->160K(433664K)] 474003K->55707K(1324032K), 0.0091981 secs] [Times: user=0.03 sys=0.00, real=0.01 secs] 
2018-02-23T04:54:37.842-0500: 68579.224: [GC (Allocation Failure) [PSYoungGen: 422048K->160K(433152K)] 477595K->55715K(1323520K), 0.0089930 secs] [Times: user=0.03 sys=0.00, real=0.01 secs] 
2018-02-23T05:22:36.117-0500: 70257.499: [GC (Allocation Failure) [PSYoungGen: 422048K->160K(435712K)] 477603K->55715K(1326080K), 0.0083411 secs] [Times: user=0.03 sys=0.00, real=0.01 secs] 
2018-02-23T05:50:30.283-0500: 71931.664: [GC (Allocation Failure) [PSYoungGen: 425632K->160K(434688K)] 481187K->55715K(1325056K), 0.0119500 secs] [Times: user=0.03 sys=0.00, real=0.01 secs] 
2018-02-23T06:18:30.452-0500: 73611.834: [GC (Allocation Failure) [PSYoungGen: 425632K->160K(436736K)] 481187K->55715K(1327104K), 0.0081519 secs] [Times: user=0.02 sys=0.01, real=0.01 secs] 
2018-02-23T06:46:30.620-0500: 75292.002: [GC (Allocation Failure) [PSYoungGen: 428192K->160K(436224K)] 483747K->55731K(1326592K), 0.0085311 secs] [Times: user=0.02 sys=0.00, real=0.01 secs] 
2018-02-23T07:14:30.783-0500: 76972.165: [GC (Allocation Failure) [PSYoungGen: 428192K->160K(438272K)] 483763K->55739K(1328640K), 0.0096117 secs] [Times: user=0.03 sys=0.00, real=0.01 secs] 
2018-02-23T07:42:32.644-0500: 78654.026: [GC (Allocation Failure) [PSYoungGen: 431264K->160K(437760K)] 486843K->55747K(1328128K), 0.0104278 secs] [Times: user=0.04 sys=0.00, real=0.01 secs] 
2018-02-23T08:10:42.664-0500: 80344.045: [GC (Allocation Failure) [PSYoungGen: 431264K->160K(439296K)] 486851K->55747K(1329664K), 0.0083920 secs] [Times: user=0.03 sys=0.01, real=0.01 secs] 
2018-02-23T08:38:55.929-0500: 82037.311: [GC (Allocation Failure) [PSYoungGen: 433312K->160K(438784K)] 488899K->55747K(1329152K), 0.0101898 secs] [Times: user=0.03 sys=0.00, real=0.01 secs] 
2018-02-23T09:07:07.428-0500: 83728.810: [GC (Allocation Failure) [PSYoungGen: 433312K->160K(439808K)] 488899K->55747K(1330176K), 0.0072736 secs] [Times: user=0.02 sys=0.00, real=0.01 secs] 
2018-02-23T09:35:26.733-0500: 85428.115: [GC (Allocation Failure) [PSYoungGen: 434848K->160K(439808K)] 490435K->55747K(1330176K), 0.0094801 secs] [Times: user=0.03 sys=0.00, real=0.01 secs] 
2018-02-23T10:03:43.756-0500: 87125.137: [GC (Allocation Failure) [PSYoungGen: 434848K->160K(440832K)] 490435K->55747K(1331200K), 0.0064148 secs] [Times: user=0.02 sys=0.00, real=0.00 secs] 
2018-02-23T10:31:52.527-0500: 88813.909: [GC (Allocation Failure) [PSYoungGen: 436384K->160K(440320K)] 491971K->55747K(1330688K), 0.0098927 secs] [Times: user=0.03 sys=0.00, real=0.01 secs] 
2018-02-23T11:00:08.083-0500: 90509.465: [GC (Allocation Failure) [PSYoungGen: 436384K->160K(441344K)] 491971K->55747K(1331712K), 0.0103506 secs] [Times: user=0.03 sys=0.00, real=0.01 secs] 
2018-02-23T11:28:26.251-0500: 92207.633: [GC (Allocation Failure) [PSYoungGen: 437408K->160K(440832K)] 492995K->55763K(1331200K), 0.0089556 secs] [Times: user=0.03 sys=0.00, real=0.01 secs] 
2018-02-23T11:56:40.329-0500: 93901.711: [GC (Allocation Failure) [PSYoungGen: 437408K->128K(441856K)] 493011K->55731K(1332224K), 0.0101132 secs] [Times: user=0.04 sys=0.00, real=0.01 secs] 
2018-02-23T12:25:04.093-0500: 95605.475: [GC (Allocation Failure) [PSYoungGen: 438400K->128K(441344K)] 494003K->55731K(1331712K), 0.0093621 secs] [Times: user=0.03 sys=0.00, real=0.01 secs] 
2018-02-23T12:53:26.744-0500: 97308.126: [GC (Allocation Failure) [PSYoungGen: 438400K->128K(442368K)] 494003K->55739K(1332736K), 0.0091796 secs] [Times: user=0.03 sys=0.00, real=0.01 secs] 
2018-02-23T13:21:50.912-0500: 99012.294: [GC (Allocation Failure) [PSYoungGen: 439424K->128K(441856K)] 495035K->55739K(1332224K), 0.0079333 secs] [Times: user=0.03 sys=0.00, real=0.01 secs] 
2018-02-23T13:50:21.086-0500: 100722.468: [GC (Allocation Failure) [PSYoungGen: 439424K->160K(442880K)] 495035K->55771K(1333248K), 0.0107569 secs] [Times: user=0.04 sys=0.00, real=0.01 secs] 
2018-02-23T14:18:50.629-0500: 102432.011: [GC (Allocation Failure) [PSYoungGen: 440480K->128K(442368K)] 496091K->55747K(1332736K), 0.0086297 secs] [Times: user=0.03 sys=0.00, real=0.01 secs] 
2018-02-23T14:47:09.430-0500: 104130.812: [GC (Allocation Failure) [PSYoungGen: 440448K->160K(442880K)] 496067K->55779K(1333248K), 0.0093646 secs] [Times: user=0.03 sys=0.00, real=0.01 secs] 
2018-02-23T15:15:36.446-0500: 105837.828: [GC (Allocation Failure) [PSYoungGen: 440992K->160K(442880K)] 496611K->55779K(1333248K), 0.0105096 secs] [Times: user=0.03 sys=0.00, real=0.01 secs] 
2018-02-23T15:44:03.772-0500: 107545.154: [GC (Allocation Failure) [PSYoungGen: 440992K->160K(443392K)] 496611K->55779K(1333760K), 0.0109635 secs] [Times: user=0.04 sys=0.00, real=0.01 secs] 
2018-02-23T16:12:33.935-0500: 109255.317: [GC (Allocation Failure) [PSYoungGen: 441504K->160K(442880K)] 497123K->55779K(1333248K), 0.0118746 secs] [Times: user=0.04 sys=0.00, real=0.02 secs] 
2018-02-23T16:41:02.627-0500: 110964.009: [GC (Allocation Failure) [PSYoungGen: 441504K->160K(443392K)] 497123K->55779K(1333760K), 0.0119800 secs] [Times: user=0.04 sys=0.00, real=0.01 secs] 
2018-02-23T17:09:33.019-0500: 112674.401: [GC (Allocation Failure) [PSYoungGen: 442016K->160K(443392K)] 497635K->55779K(1333760K), 0.0092852 secs] [Times: user=0.02 sys=0.00, real=0.01 secs] 
2018-02-23T17:38:03.411-0500: 114384.793: [GC (Allocation Failure) [PSYoungGen: 442016K->160K(443392K)] 497635K->55779K(1333760K), 0.0090603 secs] [Times: user=0.02 sys=0.00, real=0.01 secs] 
2018-02-23T18:06:33.820-0500: 116095.202: [GC (Allocation Failure) [PSYoungGen: 442016K->160K(443392K)] 497635K->55779K(1333760K), 0.0098487 secs] [Times: user=0.02 sys=0.00, real=0.01 secs] 
2018-02-23T18:34:58.755-0500: 117800.137: [GC (Allocation Failure) [PSYoungGen: 442016K->160K(443904K)] 497635K->55779K(1334272K), 0.0096128 secs] [Times: user=0.03 sys=0.00, real=0.01 secs] 
2018-02-23T19:03:22.928-0500: 119504.310: [GC (Allocation Failure) [PSYoungGen: 443040K->160K(443904K)] 498659K->55779K(1334272K), 0.0088393 secs] [Times: user=0.03 sys=0.01, real=0.01 secs] 
2018-02-23T19:31:55.008-0500: 121216.390: [GC (Allocation Failure) [PSYoungGen: 443040K->160K(443904K)] 498659K->55779K(1334272K), 0.0070711 secs] [Times: user=0.02 sys=0.00, real=0.01 secs] 
2018-02-23T20:00:29.266-0500: 122930.648: [GC (Allocation Failure) [PSYoungGen: 443040K->160K(443904K)] 498659K->55787K(1334272K), 0.0096439 secs] [Times: user=0.04 sys=0.00, real=0.01 secs] 
2018-02-23T20:28:53.438-0500: 124634.820: [GC (Allocation Failure) [PSYoungGen: 443040K->160K(443904K)] 498667K->55787K(1334272K), 0.0081942 secs] [Times: user=0.03 sys=0.00, real=0.01 secs] 
2018-02-23T20:57:23.619-0500: 126345.001: [GC (Allocation Failure) [PSYoungGen: 443040K->160K(443904K)] 498667K->55811K(1334272K), 0.0124601 secs] [Times: user=0.05 sys=0.00, real=0.01 secs] 
2018-02-23T21:25:52.936-0500: 128054.318: [GC (Allocation Failure) [PSYoungGen: 443040K->160K(443904K)] 498691K->55819K(1334272K), 0.0096857 secs] [Times: user=0.03 sys=0.00, real=0.01 secs] 
2018-02-23T21:54:12.956-0500: 129754.338: [GC (Allocation Failure) [PSYoungGen: 443040K->160K(443904K)] 498699K->55819K(1334272K), 0.0081145 secs] [Times: user=0.03 sys=0.00, real=0.00 secs] 
2018-02-23T22:22:42.119-0500: 131463.501: [GC (Allocation Failure) [PSYoungGen: 443040K->160K(444416K)] 498699K->55835K(1334784K), 0.0064919 secs] [Times: user=0.03 sys=0.00, real=0.00 secs] 
2018-02-23T22:51:12.282-0500: 133173.664: [GC (Allocation Failure) [PSYoungGen: 443552K->160K(443904K)] 499227K->55835K(1334272K), 0.0112957 secs] [Times: user=0.03 sys=0.00, real=0.01 secs] 
2018-02-23T23:19:43.232-0500: 134884.614: [GC (Allocation Failure) [PSYoungGen: 443552K->160K(444416K)] 499227K->55835K(1334784K), 0.0097026 secs] [Times: user=0.04 sys=0.00, real=0.01 secs] 
2018-02-23T23:48:12.611-0500: 136593.993: [GC (Allocation Failure) [PSYoungGen: 444064K->160K(444416K)] 499739K->55835K(1334784K), 0.0094637 secs] [Times: user=0.03 sys=0.00, real=0.01 secs] 
2018-02-24T00:16:39.028-0500: 138300.410: [GC (Allocation Failure) [PSYoungGen: 444064K->160K(444416K)] 499739K->55835K(1334784K), 0.0082979 secs] [Times: user=0.02 sys=0.00, real=0.01 secs] 
2018-02-24T00:45:04.432-0500: 140005.813: [GC (Allocation Failure) [PSYoungGen: 444064K->160K(444416K)] 499739K->55835K(1334784K), 0.0084609 secs] [Times: user=0.03 sys=0.00, real=0.01 secs] 
2018-02-24T01:13:33.029-0500: 141714.411: [GC (Allocation Failure) [PSYoungGen: 444064K->160K(444416K)] 499739K->55835K(1334784K), 0.0067467 secs] [Times: user=0.02 sys=0.00, real=0.01 secs] 
2018-02-24T01:42:01.285-0500: 143422.667: [GC (Allocation Failure) [PSYoungGen: 444064K->128K(444416K)] 499739K->55819K(1334784K), 0.0083331 secs] [Times: user=0.03 sys=0.00, real=0.01 secs] 
2018-02-24T02:10:31.457-0500: 145132.839: [GC (Allocation Failure) [PSYoungGen: 444032K->128K(444416K)] 499723K->55819K(1334784K), 0.0122661 secs] [Times: user=0.03 sys=0.00, real=0.01 secs] 
2018-02-24T02:39:06.013-0500: 146847.394: [GC (Allocation Failure) [PSYoungGen: 444032K->128K(444416K)] 499723K->55819K(1334784K), 0.0148900 secs] [Times: user=0.04 sys=0.00, real=0.02 secs] 
2018-02-24T03:07:31.447-0500: 148552.829: [GC (Allocation Failure) [PSYoungGen: 444032K->128K(444416K)] 499723K->55819K(1334784K), 0.0082616 secs] [Times: user=0.03 sys=0.00, real=0.01 secs] 
2018-02-24T03:35:56.848-0500: 150258.230: [GC (Allocation Failure) [PSYoungGen: 444032K->160K(444416K)] 499723K->55851K(1334784K), 0.0106691 secs] [Times: user=0.03 sys=0.00, real=0.01 secs] 
2018-02-24T04:04:26.093-0500: 151967.475: [GC (Allocation Failure) [PSYoungGen: 444064K->160K(444416K)] 499755K->55851K(1334784K), 0.0077754 secs] [Times: user=0.02 sys=0.00, real=0.01 secs] 
2018-02-24T04:32:53.098-0500: 153674.480: [GC (Allocation Failure) [PSYoungGen: 444064K->160K(444416K)] 499755K->55851K(1334784K), 0.0098673 secs] [Times: user=0.03 sys=0.00, real=0.01 secs] 
2018-02-24T05:01:28.040-0500: 155389.422: [GC (Allocation Failure) [PSYoungGen: 444064K->160K(444416K)] 499755K->55851K(1334784K), 0.0071143 secs] [Times: user=0.02 sys=0.00, real=0.01 secs] 
2018-02-24T05:29:53.449-0500: 157094.831: [GC (Allocation Failure) [PSYoungGen: 444064K->192K(444416K)] 499755K->55883K(1334784K), 0.0107679 secs] [Times: user=0.04 sys=0.00, real=0.01 secs] 
2018-02-24T05:58:20.743-0500: 158802.125: [GC (Allocation Failure) [PSYoungGen: 444096K->160K(444416K)] 499787K->55851K(1334784K), 0.0111697 secs] [Times: user=0.04 sys=0.00, real=0.01 secs] 
2018-02-24T06:26:40.442-0500: 160501.824: [GC (Allocation Failure) [PSYoungGen: 444064K->160K(444416K)] 499755K->55851K(1334784K), 0.0056423 secs] [Times: user=0.02 sys=0.00, real=0.01 secs] 
2018-02-24T06:55:15.077-0500: 162216.459: [GC (Allocation Failure) [PSYoungGen: 444064K->128K(444416K)] 499755K->55819K(1334784K), 0.0094670 secs] [Times: user=0.03 sys=0.00, real=0.01 secs] 
2018-02-24T07:23:45.036-0500: 163926.418: [GC (Allocation Failure) [PSYoungGen: 444032K->160K(444416K)] 499723K->55851K(1334784K), 0.0087046 secs] [Times: user=0.03 sys=0.00, real=0.00 secs] 
2018-02-24T07:52:10.438-0500: 165631.820: [GC (Allocation Failure) [PSYoungGen: 444064K->160K(444416K)] 499755K->55851K(1334784K), 0.0070305 secs] [Times: user=0.02 sys=0.00, real=0.01 secs] 
2018-02-24T08:20:40.848-0500: 167342.230: [GC (Allocation Failure) [PSYoungGen: 444064K->160K(444416K)] 499755K->55851K(1334784K), 0.0146030 secs] [Times: user=0.05 sys=0.00, real=0.01 secs] 
2018-02-24T08:49:09.734-0500: 169051.116: [GC (Allocation Failure) [PSYoungGen: 444064K->160K(444416K)] 499755K->55851K(1334784K), 0.0083344 secs] [Times: user=0.03 sys=0.00, real=0.01 secs] 
2018-02-24T09:17:33.903-0500: 170755.285: [GC (Allocation Failure) [PSYoungGen: 444064K->160K(444416K)] 499755K->55851K(1334784K), 0.0114053 secs] [Times: user=0.04 sys=0.00, real=0.01 secs] 
2018-02-24T09:46:02.078-0500: 172463.460: [GC (Allocation Failure) [PSYoungGen: 444064K->160K(444416K)] 499755K->55851K(1334784K), 0.0099576 secs] [Times: user=0.03 sys=0.00, real=0.01 secs] 
2018-02-24T10:14:22.490-0500: 174163.872: [GC (Allocation Failure) [PSYoungGen: 444064K->160K(444416K)] 499755K->55851K(1334784K), 0.0095730 secs] [Times: user=0.04 sys=0.00, real=0.01 secs] 
2018-02-24T10:42:52.383-0500: 175873.765: [GC (Allocation Failure) [PSYoungGen: 444064K->160K(444416K)] 499755K->55851K(1334784K), 0.0104883 secs] [Times: user=0.03 sys=0.00, real=0.01 secs] 
2018-02-24T11:11:16.561-0500: 177577.943: [GC (Allocation Failure) [PSYoungGen: 444064K->160K(444416K)] 499755K->55851K(1334784K), 0.0088053 secs] [Times: user=0.03 sys=0.00, real=0.01 secs] 
2018-02-24T11:39:43.239-0500: 179284.621: [GC (Allocation Failure) [PSYoungGen: 444064K->160K(444416K)] 499755K->55851K(1334784K), 0.0094346 secs] [Times: user=0.03 sys=0.00, real=0.01 secs] 
2018-02-24T12:08:10.885-0500: 180992.267: [GC (Allocation Failure) [PSYoungGen: 444064K->160K(444416K)] 499755K->55851K(1334784K), 0.0080791 secs] [Times: user=0.02 sys=0.00, real=0.00 secs] 
2018-02-24T12:36:40.479-0500: 182701.861: [GC (Allocation Failure) [PSYoungGen: 444064K->160K(444416K)] 499755K->55851K(1334784K), 0.0097479 secs] [Times: user=0.03 sys=0.00, real=0.01 secs] 
2018-02-24T13:05:11.228-0500: 184412.610: [GC (Allocation Failure) [PSYoungGen: 444064K->160K(444416K)] 499755K->55851K(1334784K), 0.0077735 secs] [Times: user=0.02 sys=0.00, real=0.01 secs] 
2018-02-24T13:33:41.395-0500: 186122.777: [GC (Allocation Failure) [PSYoungGen: 444064K->160K(444416K)] 499755K->55851K(1334784K), 0.0112008 secs] [Times: user=0.04 sys=0.00, real=0.02 secs] 
2018-02-24T14:02:05.562-0500: 187826.944: [GC (Allocation Failure) [PSYoungGen: 444064K->160K(444416K)] 499755K->55851K(1334784K), 0.0072640 secs] [Times: user=0.02 sys=0.00, real=0.01 secs] 
2018-02-24T14:30:29.726-0500: 189531.107: [GC (Allocation Failure) [PSYoungGen: 444064K->160K(444416K)] 499755K->55851K(1334784K), 0.0077545 secs] [Times: user=0.02 sys=0.00, real=0.00 secs] 
2018-02-24T14:58:59.892-0500: 191241.274: [GC (Allocation Failure) [PSYoungGen: 444064K->160K(444416K)] 499755K->55851K(1334784K), 0.0093565 secs] [Times: user=0.03 sys=0.00, real=0.01 secs] 
2018-02-24T15:27:30.054-0500: 192951.436: [GC (Allocation Failure) [PSYoungGen: 444064K->128K(444416K)] 499755K->55819K(1334784K), 0.0099130 secs] [Times: user=0.03 sys=0.00, real=0.01 secs] 
2018-02-24T15:55:54.220-0500: 194655.602: [GC (Allocation Failure) [PSYoungGen: 444032K->160K(444416K)] 499723K->55851K(1334784K), 0.0104211 secs] [Times: user=0.03 sys=0.00, real=0.01 secs] 
2018-02-24T16:24:18.383-0500: 196359.765: [GC (Allocation Failure) [PSYoungGen: 444064K->160K(444416K)] 499755K->55851K(1334784K), 0.0099205 secs] [Times: user=0.03 sys=0.00, real=0.01 secs] 
2018-02-24T16:52:42.560-0500: 198063.942: [GC (Allocation Failure) [PSYoungGen: 444064K->160K(444416K)] 499755K->55851K(1334784K), 0.0093523 secs] [Times: user=0.04 sys=0.00, real=0.01 secs] 
2018-02-24T17:21:12.739-0500: 199774.121: [GC (Allocation Failure) [PSYoungGen: 444064K->128K(444416K)] 499755K->55819K(1334784K), 0.0097171 secs] [Times: user=0.03 sys=0.00, real=0.01 secs] 
2018-02-24T17:49:36.915-0500: 201478.297: [GC (Allocation Failure) [PSYoungGen: 444032K->160K(444416K)] 499723K->55867K(1334784K), 0.0090932 secs] [Times: user=0.03 sys=0.00, real=0.01 secs] 
2018-02-24T18:18:01.098-0500: 203182.479: [GC (Allocation Failure) [PSYoungGen: 444064K->160K(444416K)] 499771K->55867K(1334784K), 0.0105724 secs] [Times: user=0.04 sys=0.00, real=0.01 secs] 
2018-02-24T18:46:31.265-0500: 204892.646: [GC (Allocation Failure) [PSYoungGen: 444064K->160K(444416K)] 499771K->55867K(1334784K), 0.0104300 secs] [Times: user=0.03 sys=0.00, real=0.01 secs] 
2018-02-24T19:15:01.441-0500: 206602.823: [GC (Allocation Failure) [PSYoungGen: 444064K->160K(444416K)] 499771K->55867K(1334784K), 0.0097397 secs] [Times: user=0.03 sys=0.00, real=0.01 secs] 
2018-02-24T19:43:31.621-0500: 208313.003: [GC (Allocation Failure) [PSYoungGen: 444064K->64K(444416K)] 499771K->55771K(1334784K), 0.0111141 secs] [Times: user=0.03 sys=0.00, real=0.01 secs] 
2018-02-24T20:12:01.799-0500: 210023.181: [GC (Allocation Failure) [PSYoungGen: 443968K->160K(444416K)] 499675K->55867K(1334784K), 0.0119137 secs] [Times: user=0.04 sys=0.00, real=0.01 secs] 
2018-02-24T20:40:31.271-0500: 211732.653: [GC (Allocation Failure) [PSYoungGen: 444064K->160K(444416K)] 499771K->55867K(1334784K), 0.0100519 secs] [Times: user=0.03 sys=0.01, real=0.01 secs] 
2018-02-24T21:09:02.140-0500: 213443.522: [GC (Allocation Failure) [PSYoungGen: 444064K->160K(444416K)] 499771K->55867K(1334784K), 0.0057822 secs] [Times: user=0.01 sys=0.00, real=0.01 secs] 
2018-02-24T21:37:32.312-0500: 215153.694: [GC (Allocation Failure) [PSYoungGen: 444064K->160K(444416K)] 499771K->55867K(1334784K), 0.0080318 secs] [Times: user=0.03 sys=0.00, real=0.01 secs] 
2018-02-24T22:05:57.505-0500: 216858.886: [GC (Allocation Failure) [PSYoungGen: 444064K->160K(444416K)] 499771K->55867K(1334784K), 0.0108213 secs] [Times: user=0.03 sys=0.00, real=0.02 secs] 
2018-02-24T22:34:20.641-0500: 218562.022: [GC (Allocation Failure) [PSYoungGen: 444059K->160K(444416K)] 499767K->55867K(1334784K), 0.0096891 secs] [Times: user=0.03 sys=0.00, real=0.01 secs] 
2018-02-24T23:02:48.329-0500: 220269.711: [GC (Allocation Failure) [PSYoungGen: 444064K->160K(444416K)] 499771K->55867K(1334784K), 0.0111521 secs] [Times: user=0.04 sys=0.00, real=0.01 secs] 
2018-02-24T23:31:14.986-0500: 221976.368: [GC (Allocation Failure) [PSYoungGen: 444064K->128K(444416K)] 499771K->55835K(1334784K), 0.0095140 secs] [Times: user=0.02 sys=0.00, real=0.01 secs] 
2018-02-24T23:59:49.118-0500: 223690.500: [GC (Allocation Failure) [PSYoungGen: 444032K->128K(444416K)] 499739K->55835K(1334784K), 0.0054236 secs] [Times: user=0.01 sys=0.00, real=0.00 secs] 
2018-02-25T00:28:15.335-0500: 225396.717: [GC (Allocation Failure) [PSYoungGen: 444032K->160K(444416K)] 499739K->55867K(1334784K), 0.0105241 secs] [Times: user=0.03 sys=0.00, real=0.02 secs] 
2018-02-25T00:56:40.559-0500: 227101.941: [GC (Allocation Failure) [PSYoungGen: 444064K->160K(444416K)] 499771K->55867K(1334784K), 0.0108208 secs] [Times: user=0.04 sys=0.00, real=0.01 secs] 
2018-02-25T01:25:15.681-0500: 228817.063: [GC (Allocation Failure) [PSYoungGen: 444064K->160K(444416K)] 499771K->55867K(1334784K), 0.0094380 secs] [Times: user=0.03 sys=0.00, real=0.01 secs] 
2018-02-25T01:53:45.692-0500: 230527.074: [GC (Allocation Failure) [PSYoungGen: 444064K->192K(444416K)] 499771K->55907K(1334784K), 0.0101966 secs] [Times: user=0.03 sys=0.00, real=0.01 secs] 
2018-02-25T02:22:16.025-0500: 232237.407: [GC (Allocation Failure) [PSYoungGen: 444096K->160K(444416K)] 499811K->55883K(1334784K), 0.0092505 secs] [Times: user=0.03 sys=0.00, real=0.00 secs] 
2018-02-25T02:50:34.708-0500: 233936.090: [GC (Allocation Failure) [PSYoungGen: 444064K->160K(444416K)] 499787K->55891K(1334784K), 0.0108042 secs] [Times: user=0.03 sys=0.00, real=0.01 secs] 
2018-02-25T03:19:10.350-0500: 235651.732: [GC (Allocation Failure) [PSYoungGen: 444064K->160K(444416K)] 499795K->55891K(1334784K), 0.0118501 secs] [Times: user=0.04 sys=0.00, real=0.01 secs] 
2018-02-25T03:47:42.309-0500: 237363.691: [GC (Allocation Failure) [PSYoungGen: 444064K->192K(444416K)] 499795K->55923K(1334784K), 0.0109256 secs] [Times: user=0.03 sys=0.00, real=0.01 secs] 
2018-02-25T04:16:17.704-0500: 239079.086: [GC (Allocation Failure) [PSYoungGen: 444096K->160K(444416K)] 499827K->55891K(1334784K), 0.0103081 secs] [Times: user=0.03 sys=0.00, real=0.01 secs] 
2018-02-25T04:44:52.854-0500: 240794.235: [GC (Allocation Failure) [PSYoungGen: 444064K->160K(444416K)] 499795K->55891K(1334784K), 0.0111933 secs] [Times: user=0.04 sys=0.00, real=0.01 secs] 
2018-02-25T05:13:28.497-0500: 242509.878: [GC (Allocation Failure) [PSYoungGen: 444064K->160K(444416K)] 499795K->55891K(1334784K), 0.0094479 secs] [Times: user=0.04 sys=0.00, real=0.01 secs] 
2018-02-25T05:41:59.207-0500: 244220.589: [GC (Allocation Failure) [PSYoungGen: 444064K->160K(444416K)] 499795K->55891K(1334784K), 0.0100459 secs] [Times: user=0.03 sys=0.00, real=0.01 secs] 
2018-02-25T06:10:24.309-0500: 245925.691: [GC (Allocation Failure) [PSYoungGen: 444064K->160K(444416K)] 499795K->55891K(1334784K), 0.0088119 secs] [Times: user=0.02 sys=0.00, real=0.01 secs] 
2018-02-25T06:38:49.712-0500: 247631.094: [GC (Allocation Failure) [PSYoungGen: 444064K->160K(444416K)] 499795K->55891K(1334784K), 0.0108919 secs] [Times: user=0.04 sys=0.00, real=0.01 secs] 
2018-02-25T07:07:17.698-0500: 249339.080: [GC (Allocation Failure) [PSYoungGen: 444064K->160K(444416K)] 499795K->55891K(1334784K), 0.0108746 secs] [Times: user=0.03 sys=0.00, real=0.01 secs] 
2018-02-25T07:35:41.869-0500: 251043.250: [GC (Allocation Failure) [PSYoungGen: 444064K->160K(444416K)] 499795K->55891K(1334784K), 0.0084797 secs] [Times: user=0.02 sys=0.00, real=0.01 secs] 
2018-02-25T08:04:15.911-0500: 252757.293: [GC (Allocation Failure) [PSYoungGen: 444064K->160K(444416K)] 499795K->55891K(1334784K), 0.0077836 secs] [Times: user=0.03 sys=0.00, real=0.01 secs] 
2018-02-25T08:32:42.204-0500: 254463.586: [GC (Allocation Failure) [PSYoungGen: 444064K->160K(444416K)] 499795K->55891K(1334784K), 0.0111744 secs] [Times: user=0.04 sys=0.00, real=0.01 secs] 
2018-02-25T09:01:18.388-0500: 256179.769: [GC (Allocation Failure) [PSYoungGen: 444064K->160K(444416K)] 499795K->55907K(1334784K), 0.0101700 secs] [Times: user=0.03 sys=0.00, real=0.01 secs] 
2018-02-25T09:29:54.568-0500: 257895.950: [GC (Allocation Failure) [PSYoungGen: 444064K->160K(444416K)] 499811K->55907K(1334784K), 0.0119020 secs] [Times: user=0.04 sys=0.00, real=0.01 secs] 
2018-02-25T09:58:18.740-0500: 259600.122: [GC (Allocation Failure) [PSYoungGen: 444064K->160K(444416K)] 499811K->55907K(1334784K), 0.0098189 secs] [Times: user=0.03 sys=0.00, real=0.01 secs] 
2018-02-25T10:26:40.623-0500: 261302.005: [GC (Allocation Failure) [PSYoungGen: 444064K->160K(444416K)] 499811K->55907K(1334784K), 0.0089207 secs] [Times: user=0.03 sys=0.00, real=0.01 secs] 
2018-02-25T10:55:03.337-0500: 263004.718: [GC (Allocation Failure) [PSYoungGen: 444064K->160K(444416K)] 499811K->55907K(1334784K), 0.0114294 secs] [Times: user=0.04 sys=0.00, real=0.01 secs] 
2018-02-25T11:23:25.238-0500: 264706.620: [GC (Allocation Failure) [PSYoungGen: 444064K->160K(444416K)] 499811K->55907K(1334784K), 0.0115500 secs] [Times: user=0.04 sys=0.00, real=0.01 secs] 
2018-02-25T11:51:49.412-0500: 266410.794: [GC (Allocation Failure) [PSYoungGen: 444064K->128K(444416K)] 499811K->55875K(1334784K), 0.0072333 secs] [Times: user=0.03 sys=0.00, real=0.01 secs] 
2018-02-25T12:20:24.510-0500: 268125.892: [GC (Allocation Failure) [PSYoungGen: 444032K->160K(444416K)] 499779K->55907K(1334784K), 0.0106412 secs] [Times: user=0.03 sys=0.00, real=0.01 secs] 
2018-02-25T12:48:49.741-0500: 269831.122: [GC (Allocation Failure) [PSYoungGen: 444064K->160K(444416K)] 499811K->55907K(1334784K), 0.0099964 secs] [Times: user=0.04 sys=0.00, real=0.01 secs] 
2018-02-25T13:17:19.910-0500: 271541.292: [GC (Allocation Failure) [PSYoungGen: 444064K->128K(444416K)] 499811K->55875K(1334784K), 0.0133920 secs] [Times: user=0.05 sys=0.00, real=0.01 secs] 
2018-02-25T13:45:50.085-0500: 273251.467: [GC (Allocation Failure) [PSYoungGen: 444032K->128K(444416K)] 499779K->55875K(1334784K), 0.0115045 secs] [Times: user=0.04 sys=0.00, real=0.02 secs] 
2018-02-25T14:14:21.102-0500: 274962.484: [GC (Allocation Failure) [PSYoungGen: 444032K->160K(444416K)] 499779K->55907K(1334784K), 0.0131247 secs] [Times: user=0.05 sys=0.00, real=0.02 secs] 
2018-02-25T14:42:50.417-0500: 276671.799: [GC (Allocation Failure) [PSYoungGen: 444064K->160K(444416K)] 499811K->55907K(1334784K), 0.0106109 secs] [Times: user=0.03 sys=0.00, real=0.01 secs] 
2018-02-25T15:11:26.599-0500: 278387.981: [GC (Allocation Failure) [PSYoungGen: 444064K->160K(444416K)] 499811K->55907K(1334784K), 0.0092893 secs] [Times: user=0.03 sys=0.00, real=0.01 secs] 
2018-02-25T15:39:56.772-0500: 280098.154: [GC (Allocation Failure) [PSYoungGen: 444064K->160K(444416K)] 499811K->55907K(1334784K), 0.0088992 secs] [Times: user=0.03 sys=0.00, real=0.01 secs] 
2018-02-25T16:08:32.719-0500: 281814.101: [GC (Allocation Failure) [PSYoungGen: 444064K->192K(444416K)] 499811K->55939K(1334784K), 0.0111150 secs] [Times: user=0.04 sys=0.01, real=0.01 secs] 
2018-02-25T16:37:03.121-0500: 283524.503: [GC (Allocation Failure) [PSYoungGen: 444096K->128K(444416K)] 499843K->55875K(1334784K), 0.0096382 secs] [Times: user=0.03 sys=0.00, real=0.01 secs] 
2018-02-25T17:05:33.780-0500: 285235.162: [GC (Allocation Failure) [PSYoungGen: 444032K->160K(444416K)] 499779K->55907K(1334784K), 0.0091682 secs] [Times: user=0.03 sys=0.00, real=0.01 secs] 
2018-02-25T17:34:09.447-0500: 286950.829: [GC (Allocation Failure) [PSYoungGen: 444064K->160K(444416K)] 499811K->55907K(1334784K), 0.0107865 secs] [Times: user=0.04 sys=0.00, real=0.01 secs] 
2018-02-25T18:02:35.421-0500: 288656.803: [GC (Allocation Failure) [PSYoungGen: 444064K->128K(444416K)] 499811K->55875K(1334784K), 0.0088862 secs] [Times: user=0.03 sys=0.00, real=0.01 secs] 
2018-02-25T18:30:57.775-0500: 290359.157: [GC (Allocation Failure) [PSYoungGen: 444032K->128K(444416K)] 499779K->55875K(1334784K), 0.0123380 secs] [Times: user=0.04 sys=0.00, real=0.02 secs] 
2018-02-25T18:59:21.955-0500: 292063.337: [GC (Allocation Failure) [PSYoungGen: 444032K->128K(444416K)] 499779K->55875K(1334784K), 0.0113536 secs] [Times: user=0.03 sys=0.00, real=0.02 secs] 
2018-02-25T19:27:46.133-0500: 293767.515: [GC (Allocation Failure) [PSYoungGen: 444032K->160K(444416K)] 499779K->55907K(1334784K), 0.0099197 secs] [Times: user=0.03 sys=0.00, real=0.01 secs] 
2018-02-25T19:56:16.301-0500: 295477.683: [GC (Allocation Failure) [PSYoungGen: 444064K->160K(444416K)] 499811K->55907K(1334784K), 0.0076822 secs] [Times: user=0.03 sys=0.00, real=0.01 secs] 
2018-02-25T20:24:43.848-0500: 297185.230: [GC (Allocation Failure) [PSYoungGen: 444064K->160K(444416K)] 499811K->55907K(1334784K), 0.0097746 secs] [Times: user=0.04 sys=0.00, real=0.01 secs] 
2018-02-25T20:53:16.629-0500: 298898.010: [GC (Allocation Failure) [PSYoungGen: 444064K->160K(444416K)] 499811K->55907K(1334784K), 0.0122960 secs] [Times: user=0.05 sys=0.00, real=0.01 secs] 
2018-02-25T21:21:46.803-0500: 300608.185: [GC (Allocation Failure) [PSYoungGen: 444064K->160K(444416K)] 499811K->55907K(1334784K), 0.0083346 secs] [Times: user=0.03 sys=0.00, real=0.01 secs] 
2018-02-25T21:50:22.976-0500: 302324.358: [GC (Allocation Failure) [PSYoungGen: 444064K->160K(444416K)] 499811K->55907K(1334784K), 0.0121136 secs] [Times: user=0.05 sys=0.00, real=0.01 secs] 
2018-02-25T22:18:52.934-0500: 304034.315: [GC (Allocation Failure) [PSYoungGen: 444064K->160K(444416K)] 499811K->55907K(1334784K), 0.0112808 secs] [Times: user=0.04 sys=0.00, real=0.01 secs] 
2018-02-25T22:47:17.314-0500: 305738.696: [GC (Allocation Failure) [PSYoungGen: 444064K->128K(444416K)] 499811K->55875K(1334784K), 0.0106886 secs] [Times: user=0.04 sys=0.00, real=0.01 secs] 
2018-02-25T23:15:47.494-0500: 307448.876: [GC (Allocation Failure) [PSYoungGen: 444032K->160K(444416K)] 499779K->55907K(1334784K), 0.0085940 secs] [Times: user=0.03 sys=0.00, real=0.01 secs] 
2018-02-25T23:44:13.920-0500: 309155.302: [GC (Allocation Failure) [PSYoungGen: 444064K->160K(444416K)] 499811K->55907K(1334784K), 0.0087204 secs] [Times: user=0.03 sys=0.00, real=0.01 secs] 
2018-02-26T00:12:35.831-0500: 310857.213: [GC (Allocation Failure) [PSYoungGen: 444035K->160K(444416K)] 499782K->55907K(1334784K), 0.0087578 secs] [Times: user=0.03 sys=0.00, real=0.01 secs] 
2018-02-26T00:41:00.000-0500: 312561.382: [GC (Allocation Failure) [PSYoungGen: 444064K->128K(444416K)] 499811K->55875K(1334784K), 0.0062126 secs] [Times: user=0.02 sys=0.00, real=0.01 secs] 
2018-02-26T01:09:30.161-0500: 314271.543: [GC (Allocation Failure) [PSYoungGen: 444032K->160K(444416K)] 499779K->55907K(1334784K), 0.0075823 secs] [Times: user=0.02 sys=0.00, real=0.01 secs] 
2018-02-26T01:38:00.326-0500: 315981.708: [GC (Allocation Failure) [PSYoungGen: 444064K->160K(444416K)] 499811K->55907K(1334784K), 0.0105369 secs] [Times: user=0.04 sys=0.00, real=0.01 secs] 
2018-02-26T02:06:36.054-0500: 317697.436: [GC (Allocation Failure) [PSYoungGen: 444064K->160K(444416K)] 499811K->55907K(1334784K), 0.0104761 secs] [Times: user=0.03 sys=0.00, real=0.01 secs] 
2018-02-26T02:35:06.666-0500: 319408.048: [GC (Allocation Failure) [PSYoungGen: 444064K->96K(444416K)] 499811K->55843K(1334784K), 0.0128546 secs] [Times: user=0.04 sys=0.00, real=0.01 secs] 
2018-02-26T03:03:42.844-0500: 321124.226: [GC (Allocation Failure) [PSYoungGen: 444000K->160K(444416K)] 499747K->55907K(1334784K), 0.0092439 secs] [Times: user=0.03 sys=0.00, real=0.01 secs] 
2018-02-26T03:32:13.014-0500: 322834.395: [GC (Allocation Failure) [PSYoungGen: 444064K->160K(444416K)] 499811K->55907K(1334784K), 0.0069689 secs] [Times: user=0.02 sys=0.00, real=0.01 secs] 
2018-02-26T04:00:37.175-0500: 324538.557: [GC (Allocation Failure) [PSYoungGen: 444063K->160K(444416K)] 499811K->55907K(1334784K), 0.0091502 secs] [Times: user=0.03 sys=0.00, real=0.01 secs] 
2018-02-26T04:29:07.343-0500: 326248.725: [GC (Allocation Failure) [PSYoungGen: 444064K->160K(444416K)] 499811K->55915K(1334784K), 0.0114521 secs] [Times: user=0.04 sys=0.00, real=0.01 secs] 
2018-02-26T04:57:35.914-0500: 327957.296: [GC (Allocation Failure) [PSYoungGen: 444064K->160K(444416K)] 499819K->55915K(1334784K), 0.0091687 secs] [Times: user=0.03 sys=0.00, real=0.01 secs] 
2018-02-26T05:25:58.792-0500: 329660.174: [GC (Allocation Failure) [PSYoungGen: 444064K->192K(444416K)] 499819K->55947K(1334784K), 0.0061755 secs] [Times: user=0.02 sys=0.00, real=0.01 secs] 
2018-02-26T05:55:54.211-0500: 331455.593: [GC (Allocation Failure) [PSYoungGen: 444096K->192K(444416K)] 499851K->55947K(1334784K), 0.0098814 secs] [Times: user=0.03 sys=0.00, real=0.01 secs] 
2018-02-26T06:24:19.615-0500: 333160.997: [GC (Allocation Failure) [PSYoungGen: 444096K->160K(444416K)] 499851K->55915K(1334784K), 0.0117886 secs] [Times: user=0.04 sys=0.00, real=0.01 secs] 
2018-02-26T06:52:50.018-0500: 334871.400: [GC (Allocation Failure) [PSYoungGen: 444064K->160K(444416K)] 499819K->55915K(1334784K), 0.0095838 secs] [Times: user=0.03 sys=0.00, real=0.01 secs] 
2018-02-26T07:21:20.313-0500: 336581.695: [GC (Allocation Failure) [PSYoungGen: 444064K->160K(444416K)] 499819K->55915K(1334784K), 0.0101545 secs] [Times: user=0.04 sys=0.00, real=0.01 secs] 
2018-02-26T07:49:50.481-0500: 338291.862: [GC (Allocation Failure) [PSYoungGen: 444064K->160K(444416K)] 499819K->55915K(1334784K), 0.0131233 secs] [Times: user=0.04 sys=0.00, real=0.01 secs] 
2018-02-26T08:18:20.653-0500: 340002.035: [GC (Allocation Failure) [PSYoungGen: 444064K->128K(444416K)] 499819K->55883K(1334784K), 0.0106678 secs] [Times: user=0.04 sys=0.00, real=0.01 secs] 
2018-02-26T08:46:44.825-0500: 341706.206: [GC (Allocation Failure) [PSYoungGen: 444032K->160K(444416K)] 499787K->55915K(1334784K), 0.0091570 secs] [Times: user=0.03 sys=0.01, real=0.01 secs] 
2018-02-26T09:15:12.032-0500: 343413.414: [GC (Allocation Failure) [PSYoungGen: 444064K->160K(444416K)] 499819K->55915K(1334784K), 0.0110019 secs] [Times: user=0.04 sys=0.00, real=0.01 secs] 
2018-02-26T09:43:39.174-0500: 345120.556: [GC (Allocation Failure) [PSYoungGen: 444064K->160K(444416K)] 499819K->55915K(1334784K), 0.0096821 secs] [Times: user=0.04 sys=0.00, real=0.01 secs] 
2018-02-26T10:09:50.927-0500: 346692.309: [GC (Allocation Failure) [PSYoungGen: 444064K->496K(442368K)] 499819K->58297K(1332736K), 0.0057162 secs] [Times: user=0.02 sys=0.00, real=0.00 secs] 
2018-02-26T10:19:27.388-0500: 347268.769: [GC (Allocation Failure) [PSYoungGen: 442352K->1522K(431104K)] 500153K->95416K(1321472K), 0.0331939 secs] [Times: user=0.13 sys=0.00, real=0.03 secs] 
2018-02-26T10:23:48.495-0500: 347529.876: [GC (Allocation Failure) [PSYoungGen: 431090K->1522K(387072K)] 524984K->140276K(1277440K), 0.0265455 secs] [Times: user=0.10 sys=0.00, real=0.03 secs] 
2018-02-26T10:36:48.782-0500: 348310.164: [GC (Allocation Failure) [PSYoungGen: 387058K->27003K(412672K)] 525812K->165773K(1303040K), 0.0207341 secs] [Times: user=0.05 sys=0.00, real=0.02 secs] 
2018-02-26T11:02:49.374-0500: 349870.756: [GC (Allocation Failure) [PSYoungGen: 412539K->10066K(412672K)] 551309K->148836K(1303040K), 0.0114477 secs] [Times: user=0.04 sys=0.00, real=0.02 secs] 
2018-02-26T11:14:27.727-0500: 350569.109: [GC (Allocation Failure) [PSYoungGen: 390482K->28769K(409600K)] 529252K->167547K(1299968K), 0.0220883 secs] [Times: user=0.06 sys=0.00, real=0.02 secs] 
2018-02-26T11:31:51.436-0500: 351612.818: [GC (Allocation Failure) [PSYoungGen: 409185K->10134K(410112K)] 547963K->148920K(1300480K), 0.0131088 secs] [Times: user=0.05 sys=0.00, real=0.01 secs] 
2018-02-26T11:32:08.162-0500: 351629.544: [GC (Allocation Failure) [PSYoungGen: 384918K->10166K(409600K)] 523704K->148952K(1299968K), 0.0070966 secs] [Times: user=0.02 sys=0.00, real=0.01 secs] 
2018-02-26T11:32:18.592-0500: 351639.974: [GC (Allocation Failure) [PSYoungGen: 384950K->10244K(414208K)] 523736K->149030K(1304576K), 0.0080052 secs] [Times: user=0.03 sys=0.00, real=0.01 secs] 
2018-02-26T11:32:26.978-0500: 351648.359: [GC (Allocation Failure) [PSYoungGen: 391684K->10248K(412160K)] 530470K->149034K(1302528K), 0.0075806 secs] [Times: user=0.03 sys=0.00, real=0.01 secs] 
2018-02-26T11:32:34.074-0500: 351655.456: [GC (Allocation Failure) [PSYoungGen: 391688K->10248K(417280K)] 530474K->149034K(1307648K), 0.0075104 secs] [Times: user=0.02 sys=0.00, real=0.01 secs] 
2018-02-26T11:32:40.553-0500: 351661.935: [GC (Allocation Failure) [PSYoungGen: 398344K->10280K(415744K)] 537130K->149066K(1306112K), 0.0082004 secs] [Times: user=0.02 sys=0.00, real=0.01 secs] 
2018-02-26T11:32:46.383-0500: 351667.765: [GC (Allocation Failure) [PSYoungGen: 398376K->10134K(419840K)] 537162K->149088K(1310208K), 0.0072162 secs] [Times: user=0.03 sys=0.00, real=0.01 secs] 
2018-02-26T11:32:51.838-0500: 351673.220: [GC (Allocation Failure) [PSYoungGen: 403862K->9348K(418816K)] 542816K->149096K(1309184K), 0.0077793 secs] [Times: user=0.03 sys=0.00, real=0.01 secs] 
2018-02-26T11:37:28.413-0500: 351949.795: [GC (Allocation Failure) [PSYoungGen: 403046K->24047K(412672K)] 542794K->165928K(1303040K), 0.0175857 secs] [Times: user=0.04 sys=0.00, real=0.02 secs] 
2018-02-26T11:39:14.139-0500: 352055.521: [GC (Allocation Failure) [PSYoungGen: 412655K->28133K(406528K)] 554536K->199223K(1296896K), 0.0333368 secs] [Times: user=0.08 sys=0.00, real=0.03 secs] 
2018-02-26T11:55:09.973-0500: 353011.355: [GC (Allocation Failure) [PSYoungGen: 406501K->24002K(386048K)] 577591K->195100K(1276416K), 0.0292854 secs] [Times: user=0.12 sys=0.00, real=0.03 secs] 
2018-02-26T11:56:59.515-0500: 353120.897: [GC (Allocation Failure) [PSYoungGen: 381890K->24166K(401408K)] 552988K->195272K(1291776K), 0.0143999 secs] [Times: user=0.05 sys=0.00, real=0.02 secs] 
2018-02-26T11:57:08.939-0500: 353130.321: [GC (Allocation Failure) [PSYoungGen: 382054K->24178K(401920K)] 553160K->195292K(1292288K), 0.0152592 secs] [Times: user=0.05 sys=0.00, real=0.01 secs] 
2018-02-26T11:57:16.122-0500: 353137.504: [GC (Allocation Failure) [PSYoungGen: 383090K->320K(359424K)] 554204K->195461K(1249792K), 0.0218191 secs] [Times: user=0.06 sys=0.02, real=0.02 secs] 
2018-02-26T11:57:22.066-0500: 353143.447: [GC (Allocation Failure) [PSYoungGen: 359232K->352K(400384K)] 554373K->195509K(1290752K), 0.0044176 secs] [Times: user=0.01 sys=0.00, real=0.00 secs] 
2018-02-26T11:57:27.286-0500: 353148.668: [GC (Allocation Failure) [PSYoungGen: 357216K->320K(400896K)] 552373K->195477K(1291264K), 0.0039578 secs] [Times: user=0.01 sys=0.00, real=0.00 secs] 
2018-02-26T11:57:32.014-0500: 353153.396: [GC (Allocation Failure) [PSYoungGen: 357184K->256K(401920K)] 552341K->195429K(1292288K), 0.0039688 secs] [Times: user=0.01 sys=0.01, real=0.01 secs] 
2018-02-26T11:57:36.370-0500: 353157.752: [GC (Allocation Failure) [PSYoungGen: 358656K->288K(401408K)] 553829K->195461K(1291776K), 0.0043134 secs] [Times: user=0.01 sys=0.00, real=0.00 secs] 
2018-02-26T11:57:40.371-0500: 353161.753: [GC (Allocation Failure) [PSYoungGen: 358688K->288K(403968K)] 553861K->195477K(1294336K), 0.0041422 secs] [Times: user=0.01 sys=0.00, real=0.00 secs] 
2018-02-26T11:57:44.168-0500: 353165.550: [GC (Allocation Failure) [PSYoungGen: 362272K->320K(402944K)] 557461K->195573K(1293312K), 0.0044389 secs] [Times: user=0.01 sys=0.00, real=0.00 secs] 
2018-02-26T11:57:47.806-0500: 353169.188: [GC (Allocation Failure) [PSYoungGen: 362304K->288K(407040K)] 557557K->195541K(1297408K), 0.0043623 secs] [Times: user=0.02 sys=0.00, real=0.00 secs] 
2018-02-26T11:57:51.332-0500: 353172.714: [GC (Allocation Failure) [PSYoungGen: 367904K->256K(405504K)] 563157K->195565K(1295872K), 0.0047163 secs] [Times: user=0.01 sys=0.00, real=0.01 secs] 
2018-02-26T11:57:54.615-0500: 353175.997: [GC (Allocation Failure) [PSYoungGen: 367872K->320K(410112K)] 563181K->195629K(1300480K), 0.0041776 secs] [Times: user=0.01 sys=0.00, real=0.00 secs] 
2018-02-26T11:57:57.868-0500: 353179.250: [GC (Allocation Failure) [PSYoungGen: 374080K->320K(408576K)] 569389K->195685K(1298944K), 0.0045372 secs] [Times: user=0.01 sys=0.00, real=0.00 secs] 
2018-02-26T11:58:00.989-0500: 353182.370: [GC (Allocation Failure) [PSYoungGen: 374080K->288K(413696K)] 569445K->195669K(1304064K), 0.0049480 secs] [Times: user=0.01 sys=0.00, real=0.00 secs] 
2018-02-26T11:58:04.025-0500: 353185.407: [GC (Allocation Failure) [PSYoungGen: 380704K->256K(411648K)] 576085K->195637K(1302016K), 0.0041866 secs] [Times: user=0.02 sys=0.00, real=0.01 secs] 
2018-02-26T11:58:06.974-0500: 353188.356: [GC (Allocation Failure) [PSYoungGen: 380672K->256K(416768K)] 576053K->195693K(1307136K), 0.0040093 secs] [Times: user=0.01 sys=0.00, real=0.01 secs] 
2018-02-26T11:58:09.887-0500: 353191.269: [GC (Allocation Failure) [PSYoungGen: 387328K->288K(415232K)] 582765K->195749K(1305600K), 0.0041151 secs] [Times: user=0.01 sys=0.00, real=0.00 secs] 
2018-02-26T11:58:12.676-0500: 353194.058: [GC (Allocation Failure) [PSYoungGen: 387360K->256K(419840K)] 582821K->195717K(1310208K), 0.0042612 secs] [Times: user=0.01 sys=0.00, real=0.00 secs] 
2018-02-26T11:58:15.460-0500: 353196.842: [GC (Allocation Failure) [PSYoungGen: 393472K->288K(418304K)] 588933K->195789K(1308672K), 0.0040085 secs] [Times: user=0.01 sys=0.00, real=0.00 secs] 
2018-02-26T11:58:18.144-0500: 353199.526: [GC (Allocation Failure) [PSYoungGen: 393504K->352K(422912K)] 589005K->195853K(1313280K), 0.0039188 secs] [Times: user=0.01 sys=0.00, real=0.01 secs] 
2018-02-26T11:58:20.810-0500: 353202.192: [GC (Allocation Failure) [PSYoungGen: 399712K->288K(421376K)] 595213K->195853K(1311744K), 0.0052383 secs] [Times: user=0.01 sys=0.00, real=0.01 secs] 
2018-02-26T11:58:23.372-0500: 353204.754: [GC (Allocation Failure) [PSYoungGen: 399648K->320K(425472K)] 595213K->195885K(1315840K), 0.0044854 secs] [Times: user=0.01 sys=0.00, real=0.01 secs] 
2018-02-26T11:58:25.982-0500: 353207.363: [GC (Allocation Failure) [PSYoungGen: 405312K->288K(424448K)] 600877K->195893K(1314816K), 0.0041184 secs] [Times: user=0.01 sys=0.00, real=0.01 secs] 
2018-02-26T11:58:28.464-0500: 353209.846: [GC (Allocation Failure) [PSYoungGen: 405280K->288K(428032K)] 600885K->195893K(1318400K), 0.0045975 secs] [Times: user=0.01 sys=0.00, real=0.01 secs] 
2018-02-26T11:58:30.962-0500: 353212.344: [GC (Allocation Failure) [PSYoungGen: 410400K->288K(427008K)] 606005K->195957K(1317376K), 0.0041689 secs] [Times: user=0.01 sys=0.00, real=0.01 secs] 
2018-02-26T11:58:33.348-0500: 353214.729: [GC (Allocation Failure) [PSYoungGen: 410400K->224K(430080K)] 606069K->195893K(1320448K), 0.0042057 secs] [Times: user=0.01 sys=0.00, real=0.00 secs] 
2018-02-26T11:58:35.768-0500: 353217.149: [GC (Allocation Failure) [PSYoungGen: 414432K->352K(429056K)] 610101K->196021K(1319424K), 0.0040055 secs] [Times: user=0.01 sys=0.00, real=0.00 secs] 
2018-02-26T11:58:38.117-0500: 353219.499: [GC (Allocation Failure) [PSYoungGen: 414560K->352K(432128K)] 610229K->196085K(1322496K), 0.0040120 secs] [Times: user=0.01 sys=0.00, real=0.00 secs] 
2018-02-26T11:58:40.426-0500: 353221.808: [GC (Allocation Failure) [PSYoungGen: 418656K->352K(431104K)] 614389K->196093K(1321472K), 0.0039749 secs] [Times: user=0.01 sys=0.00, real=0.00 secs] 
2018-02-26T11:58:42.767-0500: 353224.149: [GC (Allocation Failure) [PSYoungGen: 418656K->256K(434176K)] 614397K->196037K(1324544K), 0.0045473 secs] [Times: user=0.02 sys=0.00, real=0.00 secs] 
2018-02-26T11:58:45.059-0500: 353226.440: [GC (Allocation Failure) [PSYoungGen: 422656K->256K(433152K)] 618437K->196037K(1323520K), 0.0040615 secs] [Times: user=0.01 sys=0.00, real=0.00 secs] 
2018-02-26T11:58:47.282-0500: 353228.663: [GC (Allocation Failure) [PSYoungGen: 422656K->288K(435712K)] 618437K->196077K(1326080K), 0.0039995 secs] [Times: user=0.01 sys=0.00, real=0.01 secs] 
2018-02-26T11:58:49.458-0500: 353230.840: [GC (Allocation Failure) [PSYoungGen: 425760K->256K(434688K)] 621549K->196109K(1325056K), 0.0039412 secs] [Times: user=0.01 sys=0.01, real=0.00 secs] 
2018-02-26T11:58:51.676-0500: 353233.058: [GC (Allocation Failure) [PSYoungGen: 425728K->256K(436736K)] 621581K->196109K(1327104K), 0.0042994 secs] [Times: user=0.01 sys=0.00, real=0.00 secs] 
2018-02-26T11:58:53.773-0500: 353235.155: [GC (Allocation Failure) [PSYoungGen: 428288K->288K(436224K)] 624141K->196141K(1326592K), 0.0041466 secs] [Times: user=0.01 sys=0.00, real=0.01 secs] 
2018-02-26T11:58:55.935-0500: 353237.316: [GC (Allocation Failure) [PSYoungGen: 428320K->192K(437760K)] 624173K->196093K(1328128K), 0.0040158 secs] [Times: user=0.01 sys=0.00, real=0.01 secs] 
2018-02-26T11:58:58.010-0500: 353239.392: [GC (Allocation Failure) [PSYoungGen: 430272K->256K(437248K)] 626173K->196157K(1327616K), 0.0042489 secs] [Times: user=0.01 sys=0.00, real=0.00 secs] 
2018-02-26T11:59:00.041-0500: 353241.423: [GC (Allocation Failure) [PSYoungGen: 430336K->288K(438784K)] 626237K->196205K(1329152K), 0.0040447 secs] [Times: user=0.01 sys=0.01, real=0.01 secs] 
2018-02-26T11:59:02.077-0500: 353243.459: [GC (Allocation Failure) [PSYoungGen: 432416K->256K(438272K)] 628333K->196221K(1328640K), 0.0047684 secs] [Times: user=0.01 sys=0.00, real=0.00 secs] 
2018-02-26T11:59:04.083-0500: 353245.465: [GC (Allocation Failure) [PSYoungGen: 432384K->352K(439808K)] 628349K->196317K(1330176K), 0.0047286 secs] [Times: user=0.01 sys=0.00, real=0.01 secs] 
2018-02-26T12:01:15.275-0500: 353376.656: [GC (Allocation Failure) [PSYoungGen: 434528K->288K(439296K)] 630493K->196253K(1329664K), 0.0045895 secs] [Times: user=0.01 sys=0.00, real=0.01 secs] 
2018-02-26T12:01:30.331-0500: 353391.713: [GC (Allocation Failure) [PSYoungGen: 434464K->320K(440320K)] 630429K->196301K(1330688K), 0.0048649 secs] [Times: user=0.02 sys=0.00, real=0.01 secs] 
2018-02-26T12:01:39.690-0500: 353401.072: [GC (Allocation Failure) [PSYoungGen: 436032K->384K(440320K)] 632013K->196381K(1330688K), 0.0038484 secs] [Times: user=0.01 sys=0.00, real=0.00 secs] 
2018-02-26T12:01:47.057-0500: 353408.439: [GC (Allocation Failure) [PSYoungGen: 436096K->352K(441344K)] 632093K->196357K(1331712K), 0.0041044 secs] [Times: user=0.01 sys=0.00, real=0.00 secs] 
2018-02-26T12:01:53.367-0500: 353414.749: [GC (Allocation Failure) [PSYoungGen: 437600K->288K(440832K)] 633605K->196309K(1331200K), 0.0038615 secs] [Times: user=0.01 sys=0.00, real=0.00 secs] 
2018-02-26T12:01:58.970-0500: 353420.352: [GC (Allocation Failure) [PSYoungGen: 437536K->288K(441856K)] 633557K->196309K(1332224K), 0.0040396 secs] [Times: user=0.01 sys=0.00, real=0.00 secs] 
2018-02-26T12:02:04.080-0500: 353425.462: [GC (Allocation Failure) [PSYoungGen: 438560K->352K(441344K)] 634581K->196389K(1331712K), 0.0040306 secs] [Times: user=0.01 sys=0.01, real=0.00 secs] 
2018-02-26T12:02:08.798-0500: 353430.180: [GC (Allocation Failure) [PSYoungGen: 438624K->256K(441856K)] 634661K->196341K(1332224K), 0.0038719 secs] [Times: user=0.01 sys=0.00, real=0.00 secs] 
2018-02-26T12:02:13.194-0500: 353434.575: [GC (Allocation Failure) [PSYoungGen: 439040K->320K(441856K)] 635125K->196429K(1332224K), 0.0045115 secs] [Times: user=0.02 sys=0.00, real=0.01 secs] 
2018-02-26T12:02:17.298-0500: 353438.679: [GC (Allocation Failure) [PSYoungGen: 439104K->288K(442368K)] 635213K->196405K(1332736K), 0.0040300 secs] [Times: user=0.01 sys=0.00, real=0.00 secs] 
2018-02-26T12:02:21.224-0500: 353442.605: [GC (Allocation Failure) [PSYoungGen: 440096K->256K(442368K)] 636213K->196437K(1332736K), 0.0040144 secs] [Times: user=0.01 sys=0.00, real=0.01 secs] 
2018-02-26T12:02:24.929-0500: 353446.311: [GC (Allocation Failure) [PSYoungGen: 440064K->352K(442880K)] 636245K->196533K(1333248K), 0.0040339 secs] [Times: user=0.01 sys=0.00, real=0.00 secs] 
2018-02-26T12:02:28.458-0500: 353449.840: [GC (Allocation Failure) [PSYoungGen: 440672K->288K(442368K)] 636853K->196477K(1332736K), 0.0039005 secs] [Times: user=0.01 sys=0.00, real=0.00 secs] 
2018-02-26T12:02:31.917-0500: 353453.299: [GC (Allocation Failure) [PSYoungGen: 440608K->224K(442880K)] 636797K->196469K(1333248K), 0.0041132 secs] [Times: user=0.01 sys=0.00, real=0.00 secs] 
2018-02-26T12:02:35.162-0500: 353456.543: [GC (Allocation Failure) [PSYoungGen: 441056K->320K(442880K)] 637301K->196565K(1333248K), 0.0040739 secs] [Times: user=0.01 sys=0.00, real=0.01 secs] 
2018-02-26T12:02:38.335-0500: 353459.717: [GC (Allocation Failure) [PSYoungGen: 441152K->320K(443392K)] 637397K->196605K(1333760K), 0.0040096 secs] [Times: user=0.01 sys=0.00, real=0.01 secs] 
2018-02-26T12:02:41.430-0500: 353462.812: [GC (Allocation Failure) [PSYoungGen: 441664K->320K(442880K)] 637949K->196629K(1333248K), 0.0040781 secs] [Times: user=0.01 sys=0.00, real=0.00 secs] 
2018-02-26T12:02:44.378-0500: 353465.759: [GC (Allocation Failure) [PSYoungGen: 441664K->256K(443392K)] 637973K->196605K(1333760K), 0.0040518 secs] [Times: user=0.01 sys=0.00, real=0.00 secs] 
2018-02-26T12:02:47.282-0500: 353468.664: [GC (Allocation Failure) [PSYoungGen: 442112K->256K(443392K)] 638461K->196605K(1333760K), 0.0038774 secs] [Times: user=0.01 sys=0.00, real=0.01 secs] 
2018-02-26T12:02:50.120-0500: 353471.502: [GC (Allocation Failure) [PSYoungGen: 442112K->256K(443392K)] 638461K->196661K(1333760K), 0.0042429 secs] [Times: user=0.01 sys=0.00, real=0.00 secs] 
2018-02-26T12:02:52.852-0500: 353474.234: [GC (Allocation Failure) [PSYoungGen: 442112K->256K(443392K)] 638517K->196661K(1333760K), 0.0039146 secs] [Times: user=0.01 sys=0.00, real=0.01 secs] 
2018-02-26T12:02:55.561-0500: 353476.943: [GC (Allocation Failure) [PSYoungGen: 442112K->256K(443904K)] 638517K->196701K(1334272K), 0.0040674 secs] [Times: user=0.01 sys=0.00, real=0.00 secs] 
2018-02-26T12:02:58.127-0500: 353479.509: [GC (Allocation Failure) [PSYoungGen: 442624K->352K(443392K)] 639069K->196821K(1333760K), 0.0055485 secs] [Times: user=0.01 sys=0.00, real=0.00 secs] 
2018-02-26T12:03:00.730-0500: 353482.112: [GC (Allocation Failure) [PSYoungGen: 442720K->224K(443904K)] 639189K->196749K(1334272K), 0.0046381 secs] [Times: user=0.01 sys=0.00, real=0.00 secs] 
2018-02-26T12:03:03.204-0500: 353484.586: [GC (Allocation Failure) [PSYoungGen: 443104K->224K(443904K)] 639629K->196749K(1334272K), 0.0042194 secs] [Times: user=0.01 sys=0.00, real=0.01 secs] 
2018-02-26T12:03:05.687-0500: 353487.069: [GC (Allocation Failure) [PSYoungGen: 443104K->288K(443904K)] 639629K->196813K(1334272K), 0.0040185 secs] [Times: user=0.02 sys=0.00, real=0.00 secs] 
2018-02-26T12:03:08.109-0500: 353489.491: [GC (Allocation Failure) [PSYoungGen: 443168K->288K(443904K)] 639693K->196869K(1334272K), 0.0040967 secs] [Times: user=0.01 sys=0.00, real=0.00 secs] 
2018-02-26T12:03:10.459-0500: 353491.840: [GC (Allocation Failure) [PSYoungGen: 443168K->288K(443904K)] 639749K->196893K(1334272K), 0.0040750 secs] [Times: user=0.01 sys=0.00, real=0.00 secs] 
2018-02-26T12:03:12.774-0500: 353494.156: [GC (Allocation Failure) [PSYoungGen: 443168K->288K(443904K)] 639773K->196957K(1334272K), 0.0042234 secs] [Times: user=0.01 sys=0.00, real=0.01 secs] 
2018-02-26T12:03:15.096-0500: 353496.478: [GC (Allocation Failure) [PSYoungGen: 443168K->256K(443904K)] 639837K->196925K(1334272K), 0.0039485 secs] [Times: user=0.01 sys=0.00, real=0.00 secs] 
2018-02-26T12:03:17.325-0500: 353498.707: [GC (Allocation Failure) [PSYoungGen: 443136K->288K(443904K)] 639805K->196966K(1334272K), 0.0039032 secs] [Times: user=0.01 sys=0.00, real=0.01 secs] 
2018-02-26T12:03:19.541-0500: 353500.923: [GC (Allocation Failure) [PSYoungGen: 443168K->224K(443904K)] 639846K->196958K(1334272K), 0.0040531 secs] [Times: user=0.02 sys=0.00, real=0.00 secs] 
2018-02-26T12:03:21.741-0500: 353503.123: [GC (Allocation Failure) [PSYoungGen: 443104K->288K(443904K)] 639838K->197030K(1334272K), 0.0047852 secs] [Times: user=0.01 sys=0.00, real=0.01 secs] 
2018-02-26T12:03:23.807-0500: 353505.189: [GC (Allocation Failure) [PSYoungGen: 443168K->288K(443904K)] 639910K->197030K(1334272K), 0.0040158 secs] [Times: user=0.01 sys=0.00, real=0.00 secs] 
2018-02-26T12:03:25.991-0500: 353507.372: [GC (Allocation Failure) [PSYoungGen: 443168K->224K(443904K)] 639910K->197014K(1334272K), 0.0040491 secs] [Times: user=0.01 sys=0.00, real=0.00 secs] 
2018-02-26T12:03:28.036-0500: 353509.418: [GC (Allocation Failure) [PSYoungGen: 443104K->288K(444416K)] 639894K->197078K(1334784K), 0.0041858 secs] [Times: user=0.01 sys=0.00, real=0.00 secs] 
2018-02-26T12:03:30.067-0500: 353511.448: [GC (Allocation Failure) [PSYoungGen: 443680K->288K(443904K)] 640470K->197094K(1334272K), 0.0042272 secs] [Times: user=0.01 sys=0.00, real=0.00 secs] 
2018-02-26T12:03:32.096-0500: 353513.478: [GC (Allocation Failure) [PSYoungGen: 443680K->224K(444416K)] 640486K->197070K(1334784K), 0.0045290 secs] [Times: user=0.01 sys=0.00, real=0.00 secs] 
2018-02-26T12:03:34.100-0500: 353515.482: [GC (Allocation Failure) [PSYoungGen: 444128K->288K(444416K)] 640974K->197134K(1334784K), 0.0043396 secs] [Times: user=0.01 sys=0.00, real=0.00 secs] 
2018-02-26T12:03:36.059-0500: 353517.441: [GC (Allocation Failure) [PSYoungGen: 444192K->352K(444416K)] 641038K->197238K(1334784K), 0.0038670 secs] [Times: user=0.01 sys=0.00, real=0.00 secs] 
2018-02-26T12:03:38.017-0500: 353519.399: [GC (Allocation Failure) [PSYoungGen: 444256K->256K(444416K)] 641142K->197142K(1334784K), 0.0040067 secs] [Times: user=0.01 sys=0.00, real=0.00 secs] 
2018-02-26T12:03:39.954-0500: 353521.336: [GC (Allocation Failure) [PSYoungGen: 444160K->256K(444416K)] 641046K->197158K(1334784K), 0.0038034 secs] [Times: user=0.01 sys=0.00, real=0.01 secs] 
2018-02-26T12:03:41.804-0500: 353523.186: [GC (Allocation Failure) [PSYoungGen: 444160K->288K(444416K)] 641062K->197190K(1334784K), 0.0044628 secs] [Times: user=0.01 sys=0.00, real=0.01 secs] 
2018-02-26T12:03:43.698-0500: 353525.080: [GC (Allocation Failure) [PSYoungGen: 444192K->320K(444416K)] 641094K->197270K(1334784K), 0.0045307 secs] [Times: user=0.01 sys=0.00, real=0.00 secs] 
2018-02-26T12:03:45.536-0500: 353526.918: [GC (Allocation Failure) [PSYoungGen: 444224K->224K(444416K)] 641174K->197174K(1334784K), 0.0041730 secs] [Times: user=0.01 sys=0.00, real=0.00 secs] 
2018-02-26T12:03:47.358-0500: 353528.740: [GC (Allocation Failure) [PSYoungGen: 444128K->288K(444416K)] 641078K->197246K(1334784K), 0.0039122 secs] [Times: user=0.01 sys=0.00, real=0.00 secs] 
2018-02-26T12:03:49.170-0500: 353530.552: [GC (Allocation Failure) [PSYoungGen: 444192K->288K(444416K)] 641150K->197302K(1334784K), 0.0056156 secs] [Times: user=0.01 sys=0.00, real=0.01 secs] 
2018-02-26T12:03:50.984-0500: 353532.365: [GC (Allocation Failure) [PSYoungGen: 444192K->224K(444416K)] 641206K->197238K(1334784K), 0.0045864 secs] [Times: user=0.01 sys=0.00, real=0.01 secs] 
2018-02-26T12:03:52.720-0500: 353534.102: [GC (Allocation Failure) [PSYoungGen: 444128K->384K(444416K)] 641142K->197406K(1334784K), 0.0038877 secs] [Times: user=0.01 sys=0.00, real=0.00 secs] 
2018-02-26T12:03:54.511-0500: 353535.893: [GC (Allocation Failure) [PSYoungGen: 444288K->256K(444416K)] 641310K->197318K(1334784K), 0.0041502 secs] [Times: user=0.01 sys=0.00, real=0.00 secs] 
2018-02-26T12:03:56.236-0500: 353537.618: [GC (Allocation Failure) [PSYoungGen: 444160K->224K(444416K)] 641222K->197286K(1334784K), 0.0040263 secs] [Times: user=0.01 sys=0.00, real=0.00 secs] 
2018-02-26T12:03:57.955-0500: 353539.336: [GC (Allocation Failure) [PSYoungGen: 444128K->256K(444416K)] 641190K->197318K(1334784K), 0.0041317 secs] [Times: user=0.01 sys=0.00, real=0.01 secs] 
2018-02-26T12:03:59.660-0500: 353541.041: [GC (Allocation Failure) [PSYoungGen: 444160K->320K(444416K)] 641222K->197398K(1334784K), 0.0040342 secs] [Times: user=0.01 sys=0.00, real=0.00 secs] 
2018-02-26T12:04:01.378-0500: 353542.760: [GC (Allocation Failure) [PSYoungGen: 444224K->320K(444416K)] 641302K->197446K(1334784K), 0.0044969 secs] [Times: user=0.01 sys=0.00, real=0.00 secs] 
2018-02-26T12:04:03.024-0500: 353544.406: [GC (Allocation Failure) [PSYoungGen: 444224K->256K(444416K)] 641350K->197398K(1334784K), 0.0046219 secs] [Times: user=0.01 sys=0.00, real=0.01 secs] 
2018-02-26T12:04:04.654-0500: 353546.036: [GC (Allocation Failure) [PSYoungGen: 444160K->288K(444416K)] 641302K->197446K(1334784K), 0.0041257 secs] [Times: user=0.02 sys=0.00, real=0.01 secs] 
2018-02-26T12:04:06.329-0500: 353547.711: [GC (Allocation Failure) [PSYoungGen: 444192K->256K(444416K)] 641350K->197454K(1334784K), 0.0039649 secs] [Times: user=0.01 sys=0.00, real=0.00 secs] 
2018-02-26T12:04:07.950-0500: 353549.331: [GC (Allocation Failure) [PSYoungGen: 444160K->256K(444416K)] 641358K->197470K(1334784K), 0.0040097 secs] [Times: user=0.01 sys=0.00, real=0.00 secs] 
2018-02-26T12:04:09.558-0500: 353550.940: [GC (Allocation Failure) [PSYoungGen: 444160K->256K(444416K)] 641374K->197470K(1334784K), 0.0039349 secs] [Times: user=0.01 sys=0.00, real=0.00 secs] 
2018-02-26T12:04:11.122-0500: 353552.504: [GC (Allocation Failure) [PSYoungGen: 444160K->288K(444416K)] 641374K->197502K(1334784K), 0.0039611 secs] [Times: user=0.01 sys=0.00, real=0.01 secs] 
2018-02-26T12:04:12.721-0500: 353554.103: [GC (Allocation Failure) [PSYoungGen: 444192K->224K(444416K)] 641406K->197478K(1334784K), 0.0039524 secs] [Times: user=0.00 sys=0.00, real=0.00 secs] 
2018-02-26T12:04:14.312-0500: 353555.694: [GC (Allocation Failure) [PSYoungGen: 444128K->224K(444416K)] 641382K->197486K(1334784K), 0.0040426 secs] [Times: user=0.02 sys=0.00, real=0.01 secs] 
2018-02-26T12:04:15.856-0500: 353557.238: [GC (Allocation Failure) [PSYoungGen: 444128K->224K(444416K)] 641390K->197486K(1334784K), 0.0039061 secs] [Times: user=0.02 sys=0.00, real=0.00 secs] 
2018-02-26T12:04:17.379-0500: 353558.761: [GC (Allocation Failure) [PSYoungGen: 444128K->288K(444416K)] 641390K->197550K(1334784K), 0.0039467 secs] [Times: user=0.01 sys=0.00, real=0.00 secs] 
2018-02-26T12:04:18.893-0500: 353560.275: [GC (Allocation Failure) [PSYoungGen: 444192K->192K(444416K)] 641454K->197510K(1334784K), 0.0041312 secs] [Times: user=0.01 sys=0.00, real=0.01 secs] 
2018-02-26T12:04:20.425-0500: 353561.807: [GC (Allocation Failure) [PSYoungGen: 444096K->256K(444416K)] 641414K->197582K(1334784K), 0.0042199 secs] [Times: user=0.01 sys=0.00, real=0.01 secs] 
2018-02-26T12:04:21.993-0500: 353563.375: [GC (Allocation Failure) [PSYoungGen: 444160K->224K(444416K)] 641486K->197550K(1334784K), 0.0039369 secs] [Times: user=0.01 sys=0.00, real=0.01 secs] 
2018-02-26T12:04:23.439-0500: 353564.821: [GC (Allocation Failure) [PSYoungGen: 444128K->256K(444416K)] 641454K->197582K(1334784K), 0.0045366 secs] [Times: user=0.01 sys=0.00, real=0.00 secs] 
2018-02-26T12:04:24.938-0500: 353566.320: [GC (Allocation Failure) [PSYoungGen: 444160K->256K(444416K)] 641486K->197622K(1334784K), 0.0042518 secs] [Times: user=0.02 sys=0.00, real=0.00 secs] 
2018-02-26T12:04:26.448-0500: 353567.830: [GC (Allocation Failure) [PSYoungGen: 444160K->224K(444416K)] 641526K->197590K(1334784K), 0.0039713 secs] [Times: user=0.01 sys=0.00, real=0.00 secs] 
2018-02-26T12:04:27.886-0500: 353569.268: [GC (Allocation Failure) [PSYoungGen: 444128K->320K(444416K)] 641494K->197694K(1334784K), 0.0041639 secs] [Times: user=0.01 sys=0.00, real=0.00 secs] 
2018-02-26T12:04:29.313-0500: 353570.694: [GC (Allocation Failure) [PSYoungGen: 444224K->352K(444416K)] 641598K->197726K(1334784K), 0.0039341 secs] [Times: user=0.01 sys=0.00, real=0.01 secs] 
2018-02-26T12:04:30.782-0500: 353572.164: [GC (Allocation Failure) [PSYoungGen: 444256K->192K(444416K)] 641630K->197614K(1334784K), 0.0046358 secs] [Times: user=0.01 sys=0.00, real=0.01 secs] 
2018-02-26T12:04:32.215-0500: 353573.597: [GC (Allocation Failure) [PSYoungGen: 444096K->224K(444416K)] 641518K->197646K(1334784K), 0.0041288 secs] [Times: user=0.02 sys=0.00, real=0.01 secs] 
2018-02-26T12:04:33.634-0500: 353575.016: [GC (Allocation Failure) [PSYoungGen: 444128K->320K(444416K)] 641550K->197742K(1334784K), 0.0047846 secs] [Times: user=0.01 sys=0.00, real=0.01 secs] 
2018-02-26T12:04:35.032-0500: 353576.414: [GC (Allocation Failure) [PSYoungGen: 444224K->352K(444416K)] 641646K->197774K(1334784K), 0.0039785 secs] [Times: user=0.01 sys=0.00, real=0.01 secs] 
2018-02-26T12:04:36.453-0500: 353577.835: [GC (Allocation Failure) [PSYoungGen: 444256K->256K(444416K)] 641678K->197734K(1334784K), 0.0039784 secs] [Times: user=0.01 sys=0.00, real=0.01 secs] 
2018-02-26T12:04:37.848-0500: 353579.230: [GC (Allocation Failure) [PSYoungGen: 444160K->288K(444416K)] 641638K->197782K(1334784K), 0.0045500 secs] [Times: user=0.01 sys=0.00, real=0.00 secs] 
2018-02-26T12:04:39.217-0500: 353580.599: [GC (Allocation Failure) [PSYoungGen: 444192K->288K(444416K)] 641686K->197782K(1334784K), 0.0045730 secs] [Times: user=0.01 sys=0.00, real=0.00 secs] 
2018-02-26T12:04:40.615-0500: 353581.997: [GC (Allocation Failure) [PSYoungGen: 444192K->256K(444416K)] 641686K->197750K(1334784K), 0.0041649 secs] [Times: user=0.01 sys=0.00, real=0.00 secs] 
2018-02-26T12:04:41.987-0500: 353583.369: [GC (Allocation Failure) [PSYoungGen: 444160K->256K(444416K)] 641654K->197790K(1334784K), 0.0040153 secs] [Times: user=0.01 sys=0.00, real=0.00 secs] 
2018-02-26T12:04:43.330-0500: 353584.711: [GC (Allocation Failure) [PSYoungGen: 444160K->192K(444416K)] 641694K->197726K(1334784K), 0.0038670 secs] [Times: user=0.01 sys=0.00, real=0.00 secs] 
2018-02-26T12:04:44.684-0500: 353586.066: [GC (Allocation Failure) [PSYoungGen: 444096K->224K(444416K)] 641630K->197758K(1334784K), 0.0040582 secs] [Times: user=0.01 sys=0.00, real=0.01 secs] 
2018-02-26T12:04:46.055-0500: 353587.436: [GC (Allocation Failure) [PSYoungGen: 444128K->288K(444416K)] 641662K->197822K(1334784K), 0.0043819 secs] [Times: user=0.01 sys=0.00, real=0.01 secs] 
2018-02-26T12:04:47.364-0500: 353588.746: [GC (Allocation Failure) [PSYoungGen: 444192K->256K(444416K)] 641726K->197846K(1334784K), 0.0040147 secs] [Times: user=0.01 sys=0.00, real=0.01 secs] 
2018-02-26T12:04:48.706-0500: 353590.088: [GC (Allocation Failure) [PSYoungGen: 444160K->288K(444416K)] 641750K->197902K(1334784K), 0.0041535 secs] [Times: user=0.01 sys=0.00, real=0.00 secs] 
2018-02-26T12:04:50.010-0500: 353591.391: [GC (Allocation Failure) [PSYoungGen: 444192K->224K(444416K)] 641806K->197838K(1334784K), 0.0039338 secs] [Times: user=0.01 sys=0.00, real=0.00 secs] 
2018-02-26T12:04:51.350-0500: 353592.732: [GC (Allocation Failure) [PSYoungGen: 444128K->256K(444416K)] 641742K->197870K(1334784K), 0.0040343 secs] [Times: user=0.02 sys=0.00, real=0.00 secs] 
2018-02-26T12:04:52.619-0500: 353594.001: [GC (Allocation Failure) [PSYoungGen: 444160K->256K(444416K)] 641774K->197870K(1334784K), 0.0040853 secs] [Times: user=0.01 sys=0.00, real=0.00 secs] 
2018-02-26T12:04:53.944-0500: 353595.326: [GC (Allocation Failure) [PSYoungGen: 444160K->320K(444416K)] 641774K->197982K(1334784K), 0.0039375 secs] [Times: user=0.01 sys=0.00, real=0.01 secs] 
2018-02-26T12:04:55.217-0500: 353596.599: [GC (Allocation Failure) [PSYoungGen: 444224K->288K(444416K)] 641886K->197950K(1334784K), 0.0040939 secs] [Times: user=0.01 sys=0.00, real=0.00 secs] 
2018-02-26T12:04:56.493-0500: 353597.875: [GC (Allocation Failure) [PSYoungGen: 444192K->256K(444416K)] 641854K->197918K(1334784K), 0.0040381 secs] [Times: user=0.01 sys=0.00, real=0.01 secs] 
2018-02-26T12:04:57.794-0500: 353599.176: [GC (Allocation Failure) [PSYoungGen: 444160K->224K(444416K)] 641822K->197902K(1334784K), 0.0038614 secs] [Times: user=0.02 sys=0.00, real=0.01 secs] 
2018-02-26T12:04:59.029-0500: 353600.411: [GC (Allocation Failure) [PSYoungGen: 444128K->384K(444416K)] 641806K->198062K(1334784K), 0.0039363 secs] [Times: user=0.01 sys=0.00, real=0.00 secs] 
2018-02-26T12:05:00.292-0500: 353601.674: [GC (Allocation Failure) [PSYoungGen: 444288K->320K(444416K)] 641966K->198038K(1334784K), 0.0046319 secs] [Times: user=0.02 sys=0.00, real=0.01 secs] 
2018-02-26T12:05:01.556-0500: 353602.938: [GC (Allocation Failure) [PSYoungGen: 444224K->224K(444416K)] 641942K->197942K(1334784K), 0.0044224 secs] [Times: user=0.02 sys=0.00, real=0.00 secs] 
2018-02-26T12:05:02.836-0500: 353604.218: [GC (Allocation Failure) [PSYoungGen: 444128K->288K(444416K)] 641846K->198006K(1334784K), 0.0044591 secs] [Times: user=0.01 sys=0.00, real=0.00 secs] 
2018-02-26T12:05:04.063-0500: 353605.445: [GC (Allocation Failure) [PSYoungGen: 444192K->320K(444416K)] 641910K->198038K(1334784K), 0.0040019 secs] [Times: user=0.01 sys=0.00, real=0.01 secs] 
2018-02-26T12:05:05.298-0500: 353606.680: [GC (Allocation Failure) [PSYoungGen: 444224K->256K(444416K)] 641942K->198030K(1334784K), 0.0040125 secs] [Times: user=0.01 sys=0.00, real=0.00 secs] 
2018-02-26T12:05:06.543-0500: 353607.925: [GC (Allocation Failure) [PSYoungGen: 444160K->256K(444416K)] 641934K->198054K(1334784K), 0.0043517 secs] [Times: user=0.01 sys=0.00, real=0.01 secs] 
2018-02-26T12:05:07.762-0500: 353609.144: [GC (Allocation Failure) [PSYoungGen: 444160K->224K(444416K)] 641958K->198046K(1334784K), 0.0039875 secs] [Times: user=0.02 sys=0.00, real=0.01 secs] 
2018-02-26T12:05:08.981-0500: 353610.363: [GC (Allocation Failure) [PSYoungGen: 444128K->224K(444416K)] 641950K->198046K(1334784K), 0.0042448 secs] [Times: user=0.01 sys=0.00, real=0.01 secs] 
2018-02-26T12:05:10.178-0500: 353611.560: [GC (Allocation Failure) [PSYoungGen: 444128K->256K(444416K)] 641950K->198078K(1334784K), 0.0038604 secs] [Times: user=0.01 sys=0.00, real=0.00 secs] 
2018-02-26T12:05:11.404-0500: 353612.785: [GC (Allocation Failure) [PSYoungGen: 444160K->224K(444416K)] 641982K->198086K(1334784K), 0.0043864 secs] [Times: user=0.01 sys=0.00, real=0.01 secs] 
2018-02-26T12:05:12.582-0500: 353613.964: [GC (Allocation Failure) [PSYoungGen: 444128K->288K(444416K)] 641990K->198150K(1334784K), 0.0040129 secs] [Times: user=0.01 sys=0.00, real=0.01 secs] 
2018-02-26T12:05:13.787-0500: 353615.169: [GC (Allocation Failure) [PSYoungGen: 444192K->256K(444416K)] 642054K->198118K(1334784K), 0.0040368 secs] [Times: user=0.01 sys=0.00, real=0.00 secs] 
2018-02-26T12:05:14.987-0500: 353616.369: [GC (Allocation Failure) [PSYoungGen: 444160K->256K(444416K)] 642022K->198118K(1334784K), 0.0038991 secs] [Times: user=0.01 sys=0.00, real=0.00 secs] 
2018-02-26T12:05:16.172-0500: 353617.554: [GC (Allocation Failure) [PSYoungGen: 444160K->352K(444416K)] 642022K->198214K(1334784K), 0.0047263 secs] [Times: user=0.01 sys=0.00, real=0.01 secs] 
2018-02-26T12:05:17.313-0500: 353618.695: [GC (Allocation Failure) [PSYoungGen: 444256K->256K(444416K)] 642118K->198158K(1334784K), 0.0040568 secs] [Times: user=0.01 sys=0.00, real=0.01 secs] 
2018-02-26T12:05:18.496-0500: 353619.878: [GC (Allocation Failure) [PSYoungGen: 444160K->256K(444416K)] 642062K->198174K(1334784K), 0.0038788 secs] [Times: user=0.01 sys=0.00, real=0.00 secs] 
2018-02-26T12:05:19.661-0500: 353621.043: [GC (Allocation Failure) [PSYoungGen: 444160K->256K(444416K)] 642078K->198182K(1334784K), 0.0039767 secs] [Times: user=0.01 sys=0.00, real=0.00 secs] 
2018-02-26T12:05:20.849-0500: 353622.230: [GC (Allocation Failure) [PSYoungGen: 444160K->320K(444416K)] 642086K->198246K(1334784K), 0.0044874 secs] [Times: user=0.01 sys=0.00, real=0.00 secs] 
2018-02-26T12:05:22.025-0500: 353623.407: [GC (Allocation Failure) [PSYoungGen: 444224K->224K(444416K)] 642150K->198150K(1334784K), 0.0042042 secs] [Times: user=0.02 sys=0.00, real=0.01 secs] 
2018-02-26T12:05:23.136-0500: 353624.518: [GC (Allocation Failure) [PSYoungGen: 444128K->352K(444416K)] 642054K->198278K(1334784K), 0.0043070 secs] [Times: user=0.01 sys=0.00, real=0.00 secs] 
2018-02-26T12:05:24.293-0500: 353625.675: [GC (Allocation Failure) [PSYoungGen: 444256K->288K(444416K)] 642182K->198270K(1334784K), 0.0039529 secs] [Times: user=0.01 sys=0.00, real=0.01 secs] 
2018-02-26T12:05:25.461-0500: 353626.843: [GC (Allocation Failure) [PSYoungGen: 444192K->256K(444416K)] 642174K->198238K(1334784K), 0.0038878 secs] [Times: user=0.01 sys=0.00, real=0.00 secs] 
2018-02-26T12:05:26.577-0500: 353627.959: [GC (Allocation Failure) [PSYoungGen: 444160K->256K(444416K)] 642142K->198238K(1334784K), 0.0041035 secs] [Times: user=0.01 sys=0.00, real=0.00 secs] 
2018-02-26T12:05:27.721-0500: 353629.103: [GC (Allocation Failure) [PSYoungGen: 444160K->352K(444416K)] 642142K->198350K(1334784K), 0.0039537 secs] [Times: user=0.01 sys=0.00, real=0.00 secs] 
2018-02-26T12:05:28.810-0500: 353630.192: [GC (Allocation Failure) [PSYoungGen: 444256K->288K(444416K)] 642254K->198286K(1334784K), 0.0040518 secs] [Times: user=0.02 sys=0.00, real=0.00 secs] 
2018-02-26T12:05:29.954-0500: 353631.335: [GC (Allocation Failure) [PSYoungGen: 444192K->320K(444416K)] 642190K->198374K(1334784K), 0.0040583 secs] [Times: user=0.01 sys=0.00, real=0.01 secs] 
2018-02-26T12:05:31.052-0500: 353632.434: [GC (Allocation Failure) [PSYoungGen: 444224K->352K(444416K)] 642278K->198414K(1334784K), 0.0039728 secs] [Times: user=0.02 sys=0.00, real=0.01 secs] 
2018-02-26T12:05:32.186-0500: 353633.568: [GC (Allocation Failure) [PSYoungGen: 444256K->320K(444416K)] 642318K->198382K(1334784K), 0.0039191 secs] [Times: user=0.01 sys=0.00, real=0.00 secs] 
2018-02-26T12:05:33.270-0500: 353634.652: [GC (Allocation Failure) [PSYoungGen: 444224K->256K(444416K)] 642286K->198326K(1334784K), 0.0039967 secs] [Times: user=0.02 sys=0.00, real=0.00 secs] 
2018-02-26T12:05:34.395-0500: 353635.777: [GC (Allocation Failure) [PSYoungGen: 444160K->352K(444416K)] 642230K->198422K(1334784K), 0.0039810 secs] [Times: user=0.01 sys=0.00, real=0.01 secs] 
2018-02-26T12:05:35.479-0500: 353636.861: [GC (Allocation Failure) [PSYoungGen: 444256K->224K(444416K)] 642326K->198342K(1334784K), 0.0041901 secs] [Times: user=0.01 sys=0.00, real=0.00 secs] 
2018-02-26T12:05:36.608-0500: 353637.990: [GC (Allocation Failure) [PSYoungGen: 444128K->256K(444416K)] 642246K->198374K(1334784K), 0.0039547 secs] [Times: user=0.01 sys=0.00, real=0.00 secs] 
2018-02-26T12:05:37.667-0500: 353639.049: [GC (Allocation Failure) [PSYoungGen: 444160K->224K(444416K)] 642278K->198350K(1334784K), 0.0039319 secs] [Times: user=0.01 sys=0.00, real=0.00 secs] 
2018-02-26T12:05:38.744-0500: 353640.126: [GC (Allocation Failure) [PSYoungGen: 444128K->256K(444416K)] 642254K->198382K(1334784K), 0.0042803 secs] [Times: user=0.01 sys=0.00, real=0.01 secs] 
2018-02-26T12:05:39.860-0500: 353641.242: [GC (Allocation Failure) [PSYoungGen: 444160K->224K(444416K)] 642286K->198350K(1334784K), 0.0041078 secs] [Times: user=0.01 sys=0.00, real=0.00 secs] 
2018-02-26T12:05:40.910-0500: 353642.291: [GC (Allocation Failure) [PSYoungGen: 444128K->320K(444416K)] 642254K->198446K(1334784K), 0.0040458 secs] [Times: user=0.01 sys=0.00, real=0.00 secs] 
2018-02-26T12:05:41.971-0500: 353643.353: [GC (Allocation Failure) [PSYoungGen: 444224K->320K(444416K)] 642350K->198486K(1334784K), 0.0040256 secs] [Times: user=0.01 sys=0.01, real=0.01 secs] 
2018-02-26T12:05:43.072-0500: 353644.454: [GC (Allocation Failure) [PSYoungGen: 444224K->256K(444416K)] 642390K->198422K(1334784K), 0.0039042 secs] [Times: user=0.01 sys=0.00, real=0.01 secs] 
2018-02-26T12:05:44.123-0500: 353645.505: [GC (Allocation Failure) [PSYoungGen: 444160K->256K(444416K)] 642326K->198422K(1334784K), 0.0040275 secs] [Times: user=0.01 sys=0.00, real=0.01 secs] 
2018-02-26T12:05:45.182-0500: 353646.564: [GC (Allocation Failure) [PSYoungGen: 444160K->224K(444416K)] 642326K->198390K(1334784K), 0.0039843 secs] [Times: user=0.01 sys=0.00, real=0.01 secs] 
2018-02-26T12:05:46.221-0500: 353647.603: [GC (Allocation Failure) [PSYoungGen: 444128K->256K(444416K)] 642294K->198430K(1334784K), 0.0045710 secs] [Times: user=0.01 sys=0.00, real=0.01 secs] 
2018-02-26T12:05:47.307-0500: 353648.689: [GC (Allocation Failure) [PSYoungGen: 444160K->256K(444416K)] 642334K->198470K(1334784K), 0.0040693 secs] [Times: user=0.01 sys=0.00, real=0.00 secs] 
2018-02-26T12:05:48.347-0500: 353649.729: [GC (Allocation Failure) [PSYoungGen: 444160K->224K(444416K)] 642374K->198454K(1334784K), 0.0039288 secs] [Times: user=0.01 sys=0.00, real=0.00 secs] 
2018-02-26T12:05:49.384-0500: 353650.766: [GC (Allocation Failure) [PSYoungGen: 444128K->224K(444416K)] 642358K->198454K(1334784K), 0.0046204 secs] [Times: user=0.01 sys=0.00, real=0.01 secs] 
2018-02-26T12:05:50.423-0500: 353651.804: [GC (Allocation Failure) [PSYoungGen: 444128K->288K(444416K)] 642358K->198518K(1334784K), 0.0041150 secs] [Times: user=0.01 sys=0.00, real=0.01 secs] 
2018-02-26T12:05:51.463-0500: 353652.845: [GC (Allocation Failure) [PSYoungGen: 444192K->288K(444416K)] 642422K->198518K(1334784K), 0.0041602 secs] [Times: user=0.01 sys=0.00, real=0.01 secs] 
2018-02-26T12:05:52.481-0500: 353653.863: [GC (Allocation Failure) [PSYoungGen: 444192K->352K(444416K)] 642422K->198582K(1334784K), 0.0038333 secs] [Times: user=0.01 sys=0.00, real=0.00 secs] 
2018-02-26T12:05:53.503-0500: 353654.885: [GC (Allocation Failure) [PSYoungGen: 444256K->256K(444416K)] 642486K->198526K(1334784K), 0.0044841 secs] [Times: user=0.01 sys=0.01, real=0.01 secs] 
2018-02-26T12:05:54.573-0500: 353655.955: [GC (Allocation Failure) [PSYoungGen: 444160K->224K(444416K)] 642430K->198494K(1334784K), 0.0039470 secs] [Times: user=0.02 sys=0.00, real=0.01 secs] 
2018-02-26T12:05:55.603-0500: 353656.985: [GC (Allocation Failure) [PSYoungGen: 444128K->288K(444416K)] 642398K->198558K(1334784K), 0.0041473 secs] [Times: user=0.00 sys=0.00, real=0.01 secs] 
2018-02-26T12:05:56.626-0500: 353658.007: [GC (Allocation Failure) [PSYoungGen: 444192K->256K(444416K)] 642462K->198526K(1334784K), 0.0039902 secs] [Times: user=0.01 sys=0.00, real=0.00 secs] 
2018-02-26T12:05:57.641-0500: 353659.023: [GC (Allocation Failure) [PSYoungGen: 444160K->256K(444416K)] 642430K->198542K(1334784K), 0.0040343 secs] [Times: user=0.01 sys=0.00, real=0.01 secs] 
2018-02-26T12:05:58.645-0500: 353660.027: [GC (Allocation Failure) [PSYoungGen: 444160K->256K(444416K)] 642446K->198542K(1334784K), 0.0042158 secs] [Times: user=0.01 sys=0.00, real=0.01 secs] 
2018-02-26T12:05:59.664-0500: 353661.045: [GC (Allocation Failure) [PSYoungGen: 444160K->224K(444416K)] 642446K->198550K(1334784K), 0.0039490 secs] [Times: user=0.01 sys=0.00, real=0.01 secs] 
2018-02-26T12:06:00.680-0500: 353662.062: [GC (Allocation Failure) [PSYoungGen: 444128K->256K(444416K)] 642454K->198582K(1334784K), 0.0046322 secs] [Times: user=0.01 sys=0.00, real=0.00 secs] 
2018-02-26T12:06:01.701-0500: 353663.082: [GC (Allocation Failure) [PSYoungGen: 444160K->256K(444416K)] 642486K->198582K(1334784K), 0.0053820 secs] [Times: user=0.01 sys=0.00, real=0.01 secs] 
2018-02-26T12:06:02.676-0500: 353664.058: [GC (Allocation Failure) [PSYoungGen: 444160K->288K(444416K)] 642486K->198614K(1334784K), 0.0047418 secs] [Times: user=0.01 sys=0.00, real=0.00 secs] 
2018-02-26T12:06:03.679-0500: 353665.061: [GC (Allocation Failure) [PSYoungGen: 444192K->288K(444416K)] 642518K->198614K(1334784K), 0.0046078 secs] [Times: user=0.01 sys=0.00, real=0.00 secs] 
2018-02-26T12:06:04.649-0500: 353666.031: [GC (Allocation Failure) [PSYoungGen: 444192K->288K(444416K)] 642518K->198614K(1334784K), 0.0044178 secs] [Times: user=0.01 sys=0.00, real=0.00 secs] 
2018-02-26T12:06:05.646-0500: 353667.028: [GC (Allocation Failure) [PSYoungGen: 444192K->224K(444416K)] 642518K->198590K(1334784K), 0.0040410 secs] [Times: user=0.01 sys=0.00, real=0.00 secs] 
2018-02-26T12:06:06.644-0500: 353668.026: [GC (Allocation Failure) [PSYoungGen: 444128K->320K(444416K)] 642494K->198686K(1334784K), 0.0044018 secs] [Times: user=0.01 sys=0.00, real=0.01 secs] 
2018-02-26T12:06:07.633-0500: 353669.015: [GC (Allocation Failure) [PSYoungGen: 444224K->256K(444416K)] 642590K->198646K(1334784K), 0.0044292 secs] [Times: user=0.01 sys=0.00, real=0.01 secs] 
2018-02-26T12:06:08.836-0500: 353670.218: [GC (Allocation Failure) [PSYoungGen: 444160K->498K(432128K)] 642550K->225995K(1322496K), 0.0165951 secs] [Times: user=0.05 sys=0.02, real=0.01 secs] 
2018-02-26T12:14:16.821-0500: 354158.203: [GC (Allocation Failure) [PSYoungGen: 432114K->496K(420864K)] 657611K->234342K(1311232K), 0.0200347 secs] [Times: user=0.06 sys=0.00, real=0.02 secs] 
2018-02-26T12:30:27.292-0500: 355128.674: [GC (Allocation Failure) [PSYoungGen: 420848K->192K(432640K)] 654694K->234550K(1323008K), 0.0100694 secs] [Times: user=0.03 sys=0.00, real=0.01 secs] 
2018-02-26T12:46:10.289-0500: 356071.671: [GC (Allocation Failure) [PSYoungGen: 420544K->160K(433152K)] 654902K->234598K(1323520K), 0.0090961 secs] [Times: user=0.03 sys=0.00, real=0.01 secs] 
2018-02-26T13:01:58.196-0500: 357019.578: [GC (Allocation Failure) [PSYoungGen: 421536K->192K(433152K)] 655974K->234638K(1323520K), 0.0077491 secs] [Times: user=0.03 sys=0.00, real=0.00 secs] 
2018-02-26T13:17:40.469-0500: 357961.851: [GC (Allocation Failure) [PSYoungGen: 421568K->160K(434176K)] 656014K->234622K(1324544K), 0.0136176 secs] [Times: user=0.04 sys=0.01, real=0.01 secs] 
2018-02-26T13:33:28.576-0500: 358909.958: [GC (Allocation Failure) [PSYoungGen: 423072K->160K(433664K)] 657534K->234638K(1324032K), 0.0105087 secs] [Times: user=0.04 sys=0.00, real=0.01 secs] 
2018-02-26T13:49:16.670-0500: 359858.052: [GC (Allocation Failure) [PSYoungGen: 423072K->160K(435200K)] 657550K->234646K(1325568K), 0.0093788 secs] [Times: user=0.04 sys=0.00, real=0.01 secs] 
2018-02-26T14:05:10.766-0500: 360812.147: [GC (Allocation Failure) [PSYoungGen: 425120K->160K(434688K)] 659606K->234662K(1325056K), 0.0091492 secs] [Times: user=0.03 sys=0.00, real=0.00 secs] 
2018-02-26T14:20:58.861-0500: 361760.242: [GC (Allocation Failure) [PSYoungGen: 425120K->160K(435712K)] 659622K->234670K(1326080K), 0.0096041 secs] [Times: user=0.04 sys=0.00, real=0.01 secs] 
2018-02-26T14:36:44.225-0500: 362705.607: [GC (Allocation Failure) [PSYoungGen: 426656K->160K(435712K)] 661166K->234670K(1326080K), 0.0104956 secs] [Times: user=0.03 sys=0.01, real=0.02 secs] 
2018-02-26T14:52:35.051-0500: 363656.433: [GC (Allocation Failure) [PSYoungGen: 426656K->160K(436736K)] 661166K->234678K(1327104K), 0.0074974 secs] [Times: user=0.03 sys=0.00, real=0.01 secs] 
2018-02-26T15:08:23.145-0500: 364604.526: [GC (Allocation Failure) [PSYoungGen: 428192K->96K(436224K)] 662710K->234622K(1326592K), 0.0106222 secs] [Times: user=0.03 sys=0.00, real=0.02 secs] 
2018-02-26T15:24:17.255-0500: 365558.637: [GC (Allocation Failure) [PSYoungGen: 428128K->160K(437760K)] 662654K->234702K(1328128K), 0.0064751 secs] [Times: user=0.03 sys=0.00, real=0.00 secs] 
2018-02-26T15:40:22.655-0500: 366524.037: [GC (Allocation Failure) [PSYoungGen: 430240K->192K(437248K)] 664782K->234734K(1327616K), 0.0099142 secs] [Times: user=0.03 sys=0.00, real=0.01 secs] 
2018-02-26T15:56:23.111-0500: 367484.493: [GC (Allocation Failure) [PSYoungGen: 430272K->224K(438784K)] 664814K->234766K(1329152K), 0.0108925 secs] [Times: user=0.04 sys=0.00, real=0.01 secs] 
2018-02-26T16:12:26.427-0500: 368447.808: [GC (Allocation Failure) [PSYoungGen: 432352K->160K(438272K)] 666894K->234702K(1328640K), 0.0081610 secs] [Times: user=0.02 sys=0.00, real=0.00 secs] 
2018-02-26T16:28:29.621-0500: 369411.003: [GC (Allocation Failure) [PSYoungGen: 432288K->160K(439296K)] 666830K->234702K(1329664K), 0.0079203 secs] [Times: user=0.03 sys=0.00, real=0.01 secs] 
2018-02-26T16:44:36.450-0500: 370377.832: [GC (Allocation Failure) [PSYoungGen: 433312K->160K(438784K)] 667854K->234702K(1329152K), 0.0098644 secs] [Times: user=0.03 sys=0.00, real=0.01 secs] 
2018-02-26T17:00:39.913-0500: 371341.295: [GC (Allocation Failure) [PSYoungGen: 433312K->160K(439808K)] 667854K->234702K(1330176K), 0.0079259 secs] [Times: user=0.03 sys=0.00, real=0.01 secs] 
2018-02-26T17:16:45.371-0500: 372306.753: [GC (Allocation Failure) [PSYoungGen: 434848K->160K(439808K)] 669390K->234702K(1330176K), 0.0116298 secs] [Times: user=0.04 sys=0.00, real=0.01 secs] 
2018-02-26T17:32:55.817-0500: 373277.198: [GC (Allocation Failure) [PSYoungGen: 434848K->224K(440832K)] 669390K->234766K(1331200K), 0.0114533 secs] [Times: user=0.04 sys=0.00, real=0.01 secs] 
2018-02-26T17:49:06.081-0500: 374247.463: [GC (Allocation Failure) [PSYoungGen: 436448K->160K(440320K)] 670990K->234702K(1330688K), 0.0110799 secs] [Times: user=0.04 sys=0.00, real=0.01 secs] 
2018-02-26T18:05:12.183-0500: 375213.565: [GC (Allocation Failure) [PSYoungGen: 436384K->128K(441344K)] 670926K->234670K(1331712K), 0.0072788 secs] [Times: user=0.02 sys=0.00, real=0.01 secs] 
2018-02-26T18:21:26.522-0500: 376187.903: [GC (Allocation Failure) [PSYoungGen: 437376K->128K(440832K)] 671918K->234670K(1331200K), 0.0105118 secs] [Times: user=0.04 sys=0.00, real=0.01 secs] 
2018-02-26T18:37:36.372-0500: 377157.754: [GC (Allocation Failure) [PSYoungGen: 437376K->128K(441344K)] 671918K->234670K(1331712K), 0.0089396 secs] [Times: user=0.03 sys=0.00, real=0.01 secs] 
2018-02-26T18:53:48.479-0500: 378129.860: [GC (Allocation Failure) [PSYoungGen: 437888K->128K(441344K)] 672430K->234670K(1331712K), 0.0111169 secs] [Times: user=0.04 sys=0.00, real=0.01 secs] 
2018-02-26T19:10:06.559-0500: 379107.941: [GC (Allocation Failure) [PSYoungGen: 437888K->160K(441856K)] 672430K->234702K(1332224K), 0.0082889 secs] [Times: user=0.03 sys=0.00, real=0.01 secs] 
2018-02-26T19:26:19.095-0500: 380080.477: [GC (Allocation Failure) [PSYoungGen: 438944K->160K(441856K)] 673486K->234702K(1332224K), 0.0104178 secs] [Times: user=0.04 sys=0.00, real=0.02 secs] 
2018-02-26T19:42:36.777-0500: 381058.159: [GC (Allocation Failure) [PSYoungGen: 438944K->160K(442368K)] 673486K->234702K(1332736K), 0.0136582 secs] [Times: user=0.05 sys=0.00, real=0.01 secs] 
2018-02-26T19:58:54.896-0500: 382036.278: [GC (Allocation Failure) [PSYoungGen: 439968K->160K(442368K)] 674510K->234702K(1332736K), 0.0101334 secs] [Times: user=0.03 sys=0.00, real=0.01 secs] 
2018-02-26T20:15:12.997-0500: 383014.379: [GC (Allocation Failure) [PSYoungGen: 439968K->160K(442880K)] 674510K->234702K(1333248K), 0.0096908 secs] [Times: user=0.04 sys=0.00, real=0.01 secs] 
2018-02-26T20:31:26.622-0500: 383988.003: [GC (Allocation Failure) [PSYoungGen: 440480K->160K(442368K)] 675022K->234702K(1332736K), 0.0088679 secs] [Times: user=0.03 sys=0.00, real=0.01 secs] 
2018-02-26T20:47:43.186-0500: 384964.568: [GC (Allocation Failure) [PSYoungGen: 440480K->160K(442880K)] 675022K->234702K(1333248K), 0.0121565 secs] [Times: user=0.04 sys=0.00, real=0.01 secs] 
2018-02-26T21:04:01.939-0500: 385943.321: [GC (Allocation Failure) [PSYoungGen: 440992K->192K(442880K)] 675534K->234734K(1333248K), 0.0116023 secs] [Times: user=0.04 sys=0.00, real=0.01 secs] 
2018-02-26T21:20:22.409-0500: 386923.791: [GC (Allocation Failure) [PSYoungGen: 441024K->160K(443392K)] 675566K->234702K(1333760K), 0.0099342 secs] [Times: user=0.04 sys=0.00, real=0.01 secs] 
2018-02-26T21:36:40.836-0500: 387902.218: [GC (Allocation Failure) [PSYoungGen: 441504K->160K(442880K)] 676046K->234702K(1333248K), 0.0125416 secs] [Times: user=0.05 sys=0.00, real=0.01 secs] 
2018-02-26T21:52:58.322-0500: 388879.704: [GC (Allocation Failure) [PSYoungGen: 441504K->160K(443392K)] 676046K->234702K(1333760K), 0.0113308 secs] [Times: user=0.03 sys=0.00, real=0.01 secs] 
2018-02-26T22:09:16.695-0500: 389858.077: [GC (Allocation Failure) [PSYoungGen: 442016K->160K(443392K)] 676558K->234702K(1333760K), 0.0076748 secs] [Times: user=0.02 sys=0.00, real=0.00 secs] 
2018-02-26T22:25:37.751-0500: 390839.133: [GC (Allocation Failure) [PSYoungGen: 442016K->128K(443392K)] 676558K->234670K(1333760K), 0.0137609 secs] [Times: user=0.05 sys=0.00, real=0.01 secs] 
2018-02-26T22:41:56.718-0500: 391818.100: [GC (Allocation Failure) [PSYoungGen: 441984K->160K(443392K)] 676526K->234702K(1333760K), 0.0088538 secs] [Times: user=0.03 sys=0.00, real=0.01 secs] 
2018-02-26T22:58:13.947-0500: 392795.328: [GC (Allocation Failure) [PSYoungGen: 442016K->160K(443904K)] 676558K->234702K(1334272K), 0.0069024 secs] [Times: user=0.02 sys=0.00, real=0.00 secs] 
2018-02-26T23:14:34.382-0500: 393775.764: [GC (Allocation Failure) [PSYoungGen: 443040K->160K(443904K)] 677582K->234702K(1334272K), 0.0106519 secs] [Times: user=0.04 sys=0.00, real=0.01 secs] 
2018-02-26T23:30:56.095-0500: 394757.476: [GC (Allocation Failure) [PSYoungGen: 443040K->160K(443904K)] 677582K->234702K(1334272K), 0.0097765 secs] [Times: user=0.03 sys=0.00, real=0.01 secs] 
2018-02-26T23:47:14.224-0500: 395735.606: [GC (Allocation Failure) [PSYoungGen: 443040K->128K(443904K)] 677582K->234670K(1334272K), 0.0118441 secs] [Times: user=0.04 sys=0.00, real=0.02 secs] 
2018-02-27T00:03:32.325-0500: 396713.707: [GC (Allocation Failure) [PSYoungGen: 443008K->160K(443904K)] 677550K->234702K(1334272K), 0.0056945 secs] [Times: user=0.02 sys=0.00, real=0.01 secs] 
2018-02-27T00:19:56.417-0500: 397697.799: [GC (Allocation Failure) [PSYoungGen: 443040K->160K(443904K)] 677582K->234702K(1334272K), 0.0118669 secs] [Times: user=0.03 sys=0.00, real=0.01 secs] 
2018-02-27T00:36:14.523-0500: 398675.905: [GC (Allocation Failure) [PSYoungGen: 443040K->160K(443904K)] 677582K->234702K(1334272K), 0.0099738 secs] [Times: user=0.03 sys=0.00, real=0.01 secs] 
2018-02-27T00:52:38.364-0500: 399659.746: [GC (Allocation Failure) [PSYoungGen: 443040K->224K(443904K)] 677582K->234766K(1334272K), 0.0102782 secs] [Times: user=0.03 sys=0.00, real=0.01 secs] 
2018-02-27T01:08:56.712-0500: 400638.094: [GC (Allocation Failure) [PSYoungGen: 443104K->160K(443904K)] 677646K->234702K(1334272K), 0.0097409 secs] [Times: user=0.04 sys=0.00, real=0.01 secs] 
2018-02-27T01:25:14.813-0500: 401616.195: [GC (Allocation Failure) [PSYoungGen: 443040K->160K(443904K)] 677582K->234702K(1334272K), 0.0096543 secs] [Times: user=0.03 sys=0.00, real=0.01 secs] 
2018-02-27T01:41:36.864-0500: 402598.246: [GC (Allocation Failure) [PSYoungGen: 443040K->160K(444416K)] 677582K->234702K(1334784K), 0.0118622 secs] [Times: user=0.04 sys=0.00, real=0.02 secs] 
2018-02-27T01:57:57.002-0500: 403578.384: [GC (Allocation Failure) [PSYoungGen: 443552K->160K(443904K)] 678094K->234702K(1334272K), 0.0079113 secs] [Times: user=0.03 sys=0.00, real=0.01 secs] 
2018-02-27T02:14:16.888-0500: 404558.270: [GC (Allocation Failure) [PSYoungGen: 443552K->160K(444416K)] 678094K->234702K(1334784K), 0.0108622 secs] [Times: user=0.04 sys=0.00, real=0.01 secs] 
2018-02-27T02:30:39.203-0500: 405540.585: [GC (Allocation Failure) [PSYoungGen: 444064K->128K(444416K)] 678606K->234670K(1334784K), 0.0093313 secs] [Times: user=0.03 sys=0.00, real=0.01 secs] 
2018-02-27T02:47:01.580-0500: 406522.962: [GC (Allocation Failure) [PSYoungGen: 444032K->224K(444416K)] 678574K->234766K(1334784K), 0.0092030 secs] [Times: user=0.03 sys=0.00, real=0.01 secs] 
2018-02-27T03:03:27.050-0500: 407508.432: [GC (Allocation Failure) [PSYoungGen: 444128K->160K(444416K)] 678670K->234702K(1334784K), 0.0089907 secs] [Times: user=0.03 sys=0.00, real=0.01 secs] 
2018-02-27T03:19:46.939-0500: 408488.321: [GC (Allocation Failure) [PSYoungGen: 444064K->160K(444416K)] 678606K->234702K(1334784K), 0.0101164 secs] [Times: user=0.03 sys=0.00, real=0.01 secs] 
2018-02-27T03:36:03.592-0500: 409464.974: [GC (Allocation Failure) [PSYoungGen: 444064K->160K(444416K)] 678606K->234702K(1334784K), 0.0102884 secs] [Times: user=0.04 sys=0.00, real=0.01 secs] 
2018-02-27T03:52:28.433-0500: 410449.815: [GC (Allocation Failure) [PSYoungGen: 444064K->224K(444416K)] 678606K->234766K(1334784K), 0.0077814 secs] [Times: user=0.03 sys=0.00, real=0.01 secs] 
2018-02-27T04:08:51.787-0500: 411433.169: [GC (Allocation Failure) [PSYoungGen: 444128K->128K(444416K)] 678670K->234670K(1334784K), 0.0094852 secs] [Times: user=0.04 sys=0.00, real=0.01 secs] 
2018-02-27T04:25:14.338-0500: 412415.720: [GC (Allocation Failure) [PSYoungGen: 444032K->160K(444416K)] 678574K->234702K(1334784K), 0.0111866 secs] [Times: user=0.03 sys=0.01, real=0.01 secs] 
2018-02-27T04:41:39.799-0500: 413401.181: [GC (Allocation Failure) [PSYoungGen: 444064K->192K(444416K)] 678606K->234734K(1334784K), 0.0082516 secs] [Times: user=0.03 sys=0.01, real=0.01 secs] 
2018-02-27T04:58:00.265-0500: 414381.647: [GC (Allocation Failure) [PSYoungGen: 444096K->224K(444416K)] 678638K->234766K(1334784K), 0.0107145 secs] [Times: user=0.03 sys=0.00, real=0.02 secs] 
2018-02-27T05:14:24.493-0500: 415365.874: [GC (Allocation Failure) [PSYoungGen: 444128K->160K(444416K)] 678670K->234702K(1334784K), 0.0100750 secs] [Times: user=0.04 sys=0.00, real=0.01 secs] 
2018-02-27T05:30:46.263-0500: 416347.645: [GC (Allocation Failure) [PSYoungGen: 444064K->128K(444416K)] 678606K->234670K(1334784K), 0.0081246 secs] [Times: user=0.03 sys=0.00, real=0.01 secs] 
2018-02-27T05:47:11.686-0500: 417333.068: [GC (Allocation Failure) [PSYoungGen: 444032K->256K(444416K)] 678574K->234798K(1334784K), 0.0109856 secs] [Times: user=0.04 sys=0.00, real=0.01 secs] 
2018-02-27T06:03:37.189-0500: 418318.571: [GC (Allocation Failure) [PSYoungGen: 444160K->224K(444416K)] 678702K->234766K(1334784K), 0.0084113 secs] [Times: user=0.03 sys=0.00, real=0.01 secs] 
2018-02-27T06:19:58.551-0500: 419299.933: [GC (Allocation Failure) [PSYoungGen: 444114K->160K(444416K)] 678657K->234702K(1334784K), 0.0093898 secs] [Times: user=0.03 sys=0.00, real=0.01 secs] 
2018-02-27T06:36:22.653-0500: 420284.035: [GC (Allocation Failure) [PSYoungGen: 444064K->160K(444416K)] 678606K->234702K(1334784K), 0.0083847 secs] [Times: user=0.03 sys=0.00, real=0.01 secs] 
2018-02-27T06:52:43.572-0500: 421264.954: [GC (Allocation Failure) [PSYoungGen: 444064K->224K(444416K)] 678606K->234766K(1334784K), 0.0131952 secs] [Times: user=0.05 sys=0.00, real=0.02 secs] 
2018-02-27T07:09:09.034-0500: 422250.415: [GC (Allocation Failure) [PSYoungGen: 444128K->224K(444416K)] 678670K->234766K(1334784K), 0.0104794 secs] [Times: user=0.03 sys=0.00, real=0.01 secs] 
2018-02-27T07:25:34.505-0500: 423235.886: [GC (Allocation Failure) [PSYoungGen: 444128K->224K(444416K)] 678670K->234766K(1334784K), 0.0096417 secs] [Times: user=0.03 sys=0.00, real=0.01 secs] 
2018-02-27T07:41:59.031-0500: 424220.413: [GC (Allocation Failure) [PSYoungGen: 444128K->160K(444416K)] 678670K->234702K(1334784K), 0.0083963 secs] [Times: user=0.03 sys=0.00, real=0.01 secs] 
2018-02-27T07:58:17.133-0500: 425198.514: [GC (Allocation Failure) [PSYoungGen: 444064K->160K(444416K)] 678606K->234702K(1334784K), 0.0081001 secs] [Times: user=0.03 sys=0.00, real=0.01 secs] 
2018-02-27T08:14:40.909-0500: 426182.291: [GC (Allocation Failure) [PSYoungGen: 444064K->192K(444416K)] 678606K->234734K(1334784K), 0.0070787 secs] [Times: user=0.02 sys=0.00, real=0.01 secs] 
2018-02-27T08:31:05.327-0500: 427166.709: [GC (Allocation Failure) [PSYoungGen: 444096K->160K(444416K)] 678638K->234702K(1334784K), 0.0081822 secs] [Times: user=0.03 sys=0.00, real=0.00 secs] 
2018-02-27T08:47:23.432-0500: 428144.814: [GC (Allocation Failure) [PSYoungGen: 444064K->160K(444416K)] 678606K->234702K(1334784K), 0.0091639 secs] [Times: user=0.04 sys=0.00, real=0.01 secs] 
2018-02-27T09:03:47.307-0500: 429128.689: [GC (Allocation Failure) [PSYoungGen: 444064K->160K(444416K)] 678606K->234702K(1334784K), 0.0126343 secs] [Times: user=0.04 sys=0.00, real=0.01 secs] 
2018-02-27T09:20:07.211-0500: 430108.593: [GC (Allocation Failure) [PSYoungGen: 444064K->160K(444416K)] 678606K->234702K(1334784K), 0.0102735 secs] [Times: user=0.03 sys=0.00, real=0.01 secs] 
2018-02-27T09:36:18.293-0500: 431079.675: [GC (Allocation Failure) [PSYoungGen: 444064K->192K(444416K)] 678606K->234734K(1334784K), 0.0089648 secs] [Times: user=0.02 sys=0.00, real=0.01 secs] 
2018-02-27T09:52:33.749-0500: 432055.131: [GC (Allocation Failure) [PSYoungGen: 444096K->160K(444416K)] 678638K->234702K(1334784K), 0.0097987 secs] [Times: user=0.04 sys=0.00, real=0.01 secs] 
2018-02-27T10:08:47.248-0500: 433028.630: [GC (Allocation Failure) [PSYoungGen: 444064K->160K(444416K)] 678606K->234702K(1334784K), 0.0097230 secs] [Times: user=0.04 sys=0.00, real=0.01 secs] 
2018-02-27T10:24:59.991-0500: 434001.372: [GC (Allocation Failure) [PSYoungGen: 444064K->160K(444416K)] 678606K->234702K(1334784K), 0.0129685 secs] [Times: user=0.05 sys=0.00, real=0.01 secs] 
2018-02-27T10:41:20.137-0500: 434981.519: [GC (Allocation Failure) [PSYoungGen: 444064K->192K(444416K)] 678606K->234734K(1334784K), 0.0116222 secs] [Times: user=0.04 sys=0.00, real=0.01 secs] 
2018-02-27T10:57:36.185-0500: 435957.567: [GC (Allocation Failure) [PSYoungGen: 444096K->160K(444416K)] 678638K->234702K(1334784K), 0.0074629 secs] [Times: user=0.02 sys=0.00, real=0.01 secs] 
2018-02-27T11:13:54.286-0500: 436935.668: [GC (Allocation Failure) [PSYoungGen: 444064K->160K(444416K)] 678606K->234702K(1334784K), 0.0080986 secs] [Times: user=0.03 sys=0.00, real=0.00 secs] 
2018-02-27T11:30:07.309-0500: 437908.691: [GC (Allocation Failure) [PSYoungGen: 444064K->160K(444416K)] 678606K->234702K(1334784K), 0.0099188 secs] [Times: user=0.03 sys=0.00, real=0.01 secs] 
2018-02-27T11:46:24.487-0500: 438885.868: [GC (Allocation Failure) [PSYoungGen: 444064K->128K(444416K)] 678606K->234670K(1334784K), 0.0104635 secs] [Times: user=0.03 sys=0.00, real=0.01 secs] 
2018-02-27T12:02:42.467-0500: 439863.849: [GC (Allocation Failure) [PSYoungGen: 444032K->160K(444416K)] 678574K->234702K(1334784K), 0.0078271 secs] [Times: user=0.03 sys=0.00, real=0.00 secs] 
2018-02-27T12:19:02.941-0500: 440844.322: [GC (Allocation Failure) [PSYoungGen: 444064K->224K(444416K)] 678606K->234766K(1334784K), 0.0121063 secs] [Times: user=0.04 sys=0.00, real=0.01 secs] 
2018-02-27T12:35:18.772-0500: 441820.154: [GC (Allocation Failure) [PSYoungGen: 444128K->128K(444416K)] 678670K->234670K(1334784K), 0.0106162 secs] [Times: user=0.04 sys=0.00, real=0.01 secs] 
2018-02-27T12:51:38.849-0500: 442800.231: [GC (Allocation Failure) [PSYoungGen: 444032K->160K(444416K)] 678574K->234702K(1334784K), 0.0097141 secs] [Times: user=0.04 sys=0.00, real=0.01 secs] 
2018-02-27T13:07:54.964-0500: 443776.346: [GC (Allocation Failure) [PSYoungGen: 444064K->160K(444416K)] 678606K->234702K(1334784K), 0.0128248 secs] [Times: user=0.05 sys=0.00, real=0.02 secs] 
2018-02-27T13:24:13.068-0500: 444754.449: [GC (Allocation Failure) [PSYoungGen: 444064K->160K(444416K)] 678606K->234702K(1334784K), 0.0076993 secs] [Times: user=0.02 sys=0.00, real=0.01 secs] 
2018-02-27T13:40:31.167-0500: 445732.549: [GC (Allocation Failure) [PSYoungGen: 444064K->160K(444416K)] 678606K->234702K(1334784K), 0.0089347 secs] [Times: user=0.02 sys=0.00, real=0.01 secs] 
2018-02-27T13:56:47.421-0500: 446708.802: [GC (Allocation Failure) [PSYoungGen: 444064K->160K(444416K)] 678606K->234702K(1334784K), 0.0100188 secs] [Times: user=0.04 sys=0.00, real=0.01 secs] 
2018-02-27T14:13:11.189-0500: 447692.571: [GC (Allocation Failure) [PSYoungGen: 444064K->160K(444416K)] 678606K->234702K(1334784K), 0.0115046 secs] [Times: user=0.04 sys=0.00, real=0.01 secs] 
2018-02-27T14:29:36.678-0500: 448678.060: [GC (Allocation Failure) [PSYoungGen: 444064K->160K(444416K)] 678606K->234702K(1334784K), 0.0115333 secs] [Times: user=0.04 sys=0.00, real=0.01 secs] 
2018-02-27T14:45:55.539-0500: 449656.921: [GC (Allocation Failure) [PSYoungGen: 444064K->160K(444416K)] 678606K->234702K(1334784K), 0.0118955 secs] [Times: user=0.05 sys=0.00, real=0.01 secs] 
2018-02-27T15:02:13.642-0500: 450635.023: [GC (Allocation Failure) [PSYoungGen: 444064K->160K(444416K)] 678606K->234702K(1334784K), 0.0057061 secs] [Times: user=0.02 sys=0.00, real=0.01 secs] 
2018-02-27T15:18:31.738-0500: 451613.120: [GC (Allocation Failure) [PSYoungGen: 444064K->128K(444416K)] 678606K->234670K(1334784K), 0.0111451 secs] [Times: user=0.04 sys=0.00, real=0.01 secs] 
2018-02-27T15:34:49.840-0500: 452591.222: [GC (Allocation Failure) [PSYoungGen: 444032K->96K(444416K)] 678574K->234638K(1334784K), 0.0132168 secs] [Times: user=0.05 sys=0.00, real=0.01 secs] 
2018-02-27T15:50:31.943-0500: 453533.324: [GC (Allocation Failure) [PSYoungGen: 444000K->160K(444416K)] 678542K->234702K(1334784K), 0.0110061 secs] [Times: user=0.04 sys=0.00, real=0.01 secs] 
2018-02-27T16:06:54.409-0500: 454515.791: [GC (Allocation Failure) [PSYoungGen: 444064K->192K(444416K)] 678606K->234734K(1334784K), 0.0100300 secs] [Times: user=0.03 sys=0.00, real=0.01 secs] 
2018-02-27T16:23:14.137-0500: 455495.519: [GC (Allocation Failure) [PSYoungGen: 444096K->160K(444416K)] 678638K->234702K(1334784K), 0.0088563 secs] [Times: user=0.03 sys=0.00, real=0.01 secs] 
2018-02-27T16:39:26.237-0500: 456467.618: [GC (Allocation Failure) [PSYoungGen: 444064K->128K(444416K)] 678606K->234670K(1334784K), 0.0091646 secs] [Times: user=0.03 sys=0.00, real=0.01 secs] 
2018-02-27T16:55:44.345-0500: 457445.727: [GC (Allocation Failure) [PSYoungGen: 444032K->160K(444416K)] 678574K->234702K(1334784K), 0.0077401 secs] [Times: user=0.03 sys=0.00, real=0.00 secs] 
2018-02-27T17:12:36.280-0500: 458457.662: [GC (Allocation Failure) [PSYoungGen: 444064K->192K(444416K)] 678606K->234734K(1334784K), 0.0098763 secs] [Times: user=0.03 sys=0.00, real=0.01 secs] 
2018-02-27T17:29:56.568-0500: 459497.950: [GC (Allocation Failure) [PSYoungGen: 444096K->160K(444416K)] 678638K->234702K(1334784K), 0.0081973 secs] [Times: user=0.03 sys=0.00, real=0.01 secs] 
2018-02-27T17:46:50.670-0500: 460512.052: [GC (Allocation Failure) [PSYoungGen: 444064K->160K(444416K)] 678606K->234702K(1334784K), 0.0102196 secs] [Times: user=0.04 sys=0.00, real=0.01 secs] 
2018-02-27T18:03:44.770-0500: 461526.152: [GC (Allocation Failure) [PSYoungGen: 444064K->160K(444416K)] 678606K->234702K(1334784K), 0.0092076 secs] [Times: user=0.04 sys=0.00, real=0.01 secs] 
2018-02-27T18:20:38.873-0500: 462540.255: [GC (Allocation Failure) [PSYoungGen: 444064K->128K(444416K)] 678606K->234670K(1334784K), 0.0102246 secs] [Times: user=0.03 sys=0.00, real=0.01 secs] 
2018-02-27T18:36:57.630-0500: 463519.011: [GC (Allocation Failure) [PSYoungGen: 444032K->160K(444416K)] 678574K->234702K(1334784K), 0.0095247 secs] [Times: user=0.03 sys=0.00, real=0.01 secs] 
2018-02-27T18:53:21.075-0500: 464502.457: [GC (Allocation Failure) [PSYoungGen: 444064K->128K(444416K)] 678606K->234670K(1334784K), 0.0106367 secs] [Times: user=0.04 sys=0.00, real=0.02 secs] 
2018-02-27T19:09:45.182-0500: 465486.563: [GC (Allocation Failure) [PSYoungGen: 444032K->160K(444416K)] 678574K->234702K(1334784K), 0.0092807 secs] [Times: user=0.03 sys=0.00, real=0.01 secs] 
2018-02-27T19:26:14.987-0500: 466476.369: [GC (Allocation Failure) [PSYoungGen: 444064K->256K(444416K)] 678606K->234798K(1334784K), 0.0131141 secs] [Times: user=0.04 sys=0.00, real=0.01 secs] 
2018-02-27T19:42:39.384-0500: 467460.765: [GC (Allocation Failure) [PSYoungGen: 444160K->128K(444416K)] 678702K->234670K(1334784K), 0.0102185 secs] [Times: user=0.04 sys=0.00, real=0.01 secs] 
2018-02-27T19:59:05.921-0500: 468447.303: [GC (Allocation Failure) [PSYoungGen: 444032K->256K(444416K)] 678574K->234798K(1334784K), 0.0113027 secs] [Times: user=0.04 sys=0.00, real=0.01 secs] 
2018-02-27T20:15:34.757-0500: 469436.139: [GC (Allocation Failure) [PSYoungGen: 444160K->160K(444416K)] 678702K->234702K(1334784K), 0.0120923 secs] [Times: user=0.04 sys=0.00, real=0.01 secs] 
2018-02-27T20:31:57.679-0500: 470419.061: [GC (Allocation Failure) [PSYoungGen: 444064K->160K(444416K)] 678606K->234702K(1334784K), 0.0129461 secs] [Times: user=0.04 sys=0.00, real=0.01 secs] 
2018-02-27T20:48:27.328-0500: 471408.710: [GC (Allocation Failure) [PSYoungGen: 444064K->224K(444416K)] 678606K->234766K(1334784K), 0.0083904 secs] [Times: user=0.02 sys=0.00, real=0.01 secs] 
2018-02-27T21:04:57.796-0500: 472399.178: [GC (Allocation Failure) [PSYoungGen: 444128K->160K(444416K)] 678670K->234726K(1334784K), 0.0132829 secs] [Times: user=0.05 sys=0.00, real=0.01 secs] 
2018-02-27T21:21:27.766-0500: 473389.147: [GC (Allocation Failure) [PSYoungGen: 444064K->160K(444416K)] 678630K->234726K(1334784K), 0.0084606 secs] [Times: user=0.03 sys=0.00, real=0.00 secs] 
2018-02-27T21:37:52.082-0500: 474373.463: [GC (Allocation Failure) [PSYoungGen: 444064K->160K(444416K)] 678630K->234726K(1334784K), 0.0129923 secs] [Times: user=0.04 sys=0.00, real=0.01 secs] 
2018-02-27T21:54:19.157-0500: 475360.539: [GC (Allocation Failure) [PSYoungGen: 444064K->192K(444416K)] 678630K->234758K(1334784K), 0.0071335 secs] [Times: user=0.02 sys=0.00, real=0.00 secs] 
2018-02-27T22:10:49.620-0500: 476351.002: [GC (Allocation Failure) [PSYoungGen: 444096K->160K(444416K)] 678662K->234726K(1334784K), 0.0087332 secs] [Times: user=0.03 sys=0.00, real=0.01 secs] 
2018-02-27T22:27:20.063-0500: 477341.445: [GC (Allocation Failure) [PSYoungGen: 444064K->192K(444416K)] 678630K->234758K(1334784K), 0.0099929 secs] [Times: user=0.03 sys=0.00, real=0.01 secs] 
2018-02-27T22:43:50.508-0500: 478331.890: [GC (Allocation Failure) [PSYoungGen: 444096K->192K(444416K)] 678662K->234758K(1334784K), 0.0092698 secs] [Times: user=0.03 sys=0.00, real=0.01 secs] 
2018-02-27T23:00:20.990-0500: 479322.372: [GC (Allocation Failure) [PSYoungGen: 444096K->160K(444416K)] 678662K->234726K(1334784K), 0.0080318 secs] [Times: user=0.02 sys=0.01, real=0.01 secs] 
2018-02-27T23:16:51.453-0500: 480312.835: [GC (Allocation Failure) [PSYoungGen: 444064K->192K(444416K)] 678630K->234758K(1334784K), 0.0090441 secs] [Times: user=0.03 sys=0.00, real=0.01 secs] 
2018-02-27T23:33:21.913-0500: 481303.295: [GC (Allocation Failure) [PSYoungGen: 444096K->224K(444416K)] 678662K->234790K(1334784K), 0.0106492 secs] [Times: user=0.03 sys=0.00, real=0.01 secs] 
2018-02-27T23:49:52.367-0500: 482293.748: [GC (Allocation Failure) [PSYoungGen: 444128K->160K(444416K)] 678694K->234726K(1334784K), 0.0099019 secs] [Times: user=0.03 sys=0.00, real=0.01 secs] 
2018-02-28T00:06:22.847-0500: 483284.229: [GC (Allocation Failure) [PSYoungGen: 444064K->160K(444416K)] 678630K->234726K(1334784K), 0.0082424 secs] [Times: user=0.03 sys=0.00, real=0.01 secs] 
2018-02-28T00:22:47.902-0500: 484269.283: [GC (Allocation Failure) [PSYoungGen: 444064K->160K(444416K)] 678630K->234726K(1334784K), 0.0082428 secs] [Times: user=0.03 sys=0.00, real=0.01 secs] 
2018-02-28T00:39:11.116-0500: 485252.498: [GC (Allocation Failure) [PSYoungGen: 444064K->160K(444416K)] 678630K->234726K(1334784K), 0.0137230 secs] [Times: user=0.05 sys=0.00, real=0.01 secs] 
2018-02-28T00:55:39.198-0500: 486240.580: [GC (Allocation Failure) [PSYoungGen: 444064K->256K(444416K)] 678630K->234822K(1334784K), 0.0104012 secs] [Times: user=0.04 sys=0.00, real=0.01 secs] 
2018-02-28T01:12:09.654-0500: 487231.036: [GC (Allocation Failure) [PSYoungGen: 444160K->192K(444416K)] 678726K->234758K(1334784K), 0.0103220 secs] [Times: user=0.03 sys=0.00, real=0.01 secs] 
2018-02-28T01:28:40.111-0500: 488221.492: [GC (Allocation Failure) [PSYoungGen: 444096K->96K(444416K)] 678662K->234662K(1334784K), 0.0129295 secs] [Times: user=0.04 sys=0.00, real=0.01 secs] 
2018-02-28T01:45:10.576-0500: 489211.958: [GC (Allocation Failure) [PSYoungGen: 444000K->224K(444416K)] 678566K->234790K(1334784K), 0.0116957 secs] [Times: user=0.04 sys=0.00, real=0.01 secs] 
2018-02-28T02:01:41.044-0500: 490202.426: [GC (Allocation Failure) [PSYoungGen: 444128K->160K(444416K)] 678694K->234726K(1334784K), 0.0095811 secs] [Times: user=0.04 sys=0.00, real=0.01 secs] 
2018-02-28T02:18:05.690-0500: 491187.072: [GC (Allocation Failure) [PSYoungGen: 444064K->128K(444416K)] 678630K->234694K(1334784K), 0.0105470 secs] [Times: user=0.03 sys=0.00, real=0.01 secs] 
2018-02-28T02:34:31.952-0500: 492173.334: [GC (Allocation Failure) [PSYoungGen: 444032K->192K(444416K)] 678598K->234758K(1334784K), 0.0117213 secs] [Times: user=0.04 sys=0.00, real=0.01 secs] 
2018-02-28T02:51:02.410-0500: 493163.792: [GC (Allocation Failure) [PSYoungGen: 444096K->224K(444416K)] 678662K->234790K(1334784K), 0.0133027 secs] [Times: user=0.05 sys=0.00, real=0.01 secs] 
2018-02-28T03:07:32.870-0500: 494154.252: [GC (Allocation Failure) [PSYoungGen: 444128K->224K(444416K)] 678694K->234790K(1334784K), 0.0092863 secs] [Times: user=0.04 sys=0.00, real=0.01 secs] 
2018-02-28T03:23:43.387-0500: 495124.769: [GC (Allocation Failure) [PSYoungGen: 444128K->224K(444416K)] 678694K->234790K(1334784K), 0.0099538 secs] [Times: user=0.04 sys=0.00, real=0.01 secs] 
2018-02-28T03:40:06.147-0500: 496107.529: [GC (Allocation Failure) [PSYoungGen: 444128K->96K(444416K)] 678694K->234662K(1334784K), 0.0105087 secs] [Times: user=0.03 sys=0.00, real=0.01 secs] 
2018-02-28T03:56:29.275-0500: 497090.657: [GC (Allocation Failure) [PSYoungGen: 444000K->160K(444416K)] 678566K->234726K(1334784K), 0.0100991 secs] [Times: user=0.04 sys=0.00, real=0.01 secs] 
2018-02-28T04:12:54.720-0500: 498076.102: [GC (Allocation Failure) [PSYoungGen: 444064K->192K(444416K)] 678630K->234758K(1334784K), 0.0111263 secs] [Times: user=0.03 sys=0.00, real=0.01 secs] 
2018-02-28T04:29:18.428-0500: 499059.810: [GC (Allocation Failure) [PSYoungGen: 444096K->160K(444416K)] 678662K->234726K(1334784K), 0.0112875 secs] [Times: user=0.04 sys=0.00, real=0.01 secs] 
2018-02-28T04:45:45.623-0500: 500047.005: [GC (Allocation Failure) [PSYoungGen: 444064K->192K(444416K)] 678630K->234758K(1334784K), 0.0114105 secs] [Times: user=0.04 sys=0.00, real=0.01 secs] 
2018-02-28T05:02:06.626-0500: 501028.008: [GC (Allocation Failure) [PSYoungGen: 444096K->160K(444416K)] 678662K->234726K(1334784K), 0.0096584 secs] [Times: user=0.03 sys=0.00, real=0.01 secs] 
2018-02-28T05:18:36.541-0500: 502017.923: [GC (Allocation Failure) [PSYoungGen: 444064K->128K(444416K)] 678630K->234694K(1334784K), 0.0110225 secs] [Times: user=0.04 sys=0.00, real=0.01 secs] 
2018-02-28T05:35:06.827-0500: 503008.209: [GC (Allocation Failure) [PSYoungGen: 444032K->160K(444416K)] 678598K->234726K(1334784K), 0.0107083 secs] [Times: user=0.04 sys=0.00, real=0.01 secs] 
2018-02-28T05:51:24.934-0500: 503986.316: [GC (Allocation Failure) [PSYoungGen: 444064K->160K(444416K)] 678630K->234726K(1334784K), 0.0094620 secs] [Times: user=0.04 sys=0.00, real=0.01 secs] 
2018-02-28T06:07:52.881-0500: 504974.263: [GC (Allocation Failure) [PSYoungGen: 444064K->224K(444416K)] 678630K->234790K(1334784K), 0.0082658 secs] [Times: user=0.02 sys=0.00, real=0.01 secs] 
2018-02-28T06:24:19.128-0500: 505960.510: [GC (Allocation Failure) [PSYoungGen: 444128K->160K(444416K)] 678694K->234726K(1334784K), 0.0076006 secs] [Times: user=0.02 sys=0.00, real=0.01 secs] 
2018-02-28T06:40:43.229-0500: 506944.611: [GC (Allocation Failure) [PSYoungGen: 444064K->160K(444416K)] 678630K->234726K(1334784K), 0.0122590 secs] [Times: user=0.05 sys=0.00, real=0.01 secs] 
2018-02-28T06:57:04.946-0500: 507926.328: [GC (Allocation Failure) [PSYoungGen: 444064K->160K(444416K)] 678630K->234726K(1334784K), 0.0082068 secs] [Times: user=0.02 sys=0.00, real=0.00 secs] 
2018-02-28T07:13:31.431-0500: 508912.813: [GC (Allocation Failure) [PSYoungGen: 444064K->128K(444416K)] 678630K->234694K(1334784K), 0.0122690 secs] [Times: user=0.04 sys=0.00, real=0.01 secs] 
2018-02-28T07:29:55.537-0500: 509896.919: [GC (Allocation Failure) [PSYoungGen: 444032K->160K(444416K)] 678598K->234726K(1334784K), 0.0075334 secs] [Times: user=0.03 sys=0.00, real=0.00 secs] 
2018-02-28T07:46:25.509-0500: 510886.891: [GC (Allocation Failure) [PSYoungGen: 444064K->224K(444416K)] 678630K->234790K(1334784K), 0.0087149 secs] [Times: user=0.02 sys=0.00, real=0.01 secs] 
2018-02-28T08:02:55.979-0500: 511877.361: [GC (Allocation Failure) [PSYoungGen: 444128K->160K(444416K)] 678694K->234726K(1334784K), 0.0067259 secs] [Times: user=0.02 sys=0.00, real=0.01 secs] 
